Archive member included to satisfy reference by file (symbol)

c:/users/tranm/appdata/roaming/code/user/globalstorage/bmd.stm32-for-vscode/@xpack-dev-tools/arm-none-eabi-gcc/11.3.1-1.1.2/.content/bin/../lib/gcc/arm-none-eabi/11.3.1/../../../../arm-none-eabi/lib/thumb/v7e-m+fp/hard\libc_nano.a(libc_a-atexit.o)
                              c:/users/tranm/appdata/roaming/code/user/globalstorage/bmd.stm32-for-vscode/@xpack-dev-tools/arm-none-eabi-gcc/11.3.1-1.1.2/.content/bin/../lib/gcc/arm-none-eabi/11.3.1/../../../../arm-none-eabi/lib/thumb/v7e-m+fp/hard/crt0.o (atexit)
c:/users/tranm/appdata/roaming/code/user/globalstorage/bmd.stm32-for-vscode/@xpack-dev-tools/arm-none-eabi-gcc/11.3.1-1.1.2/.content/bin/../lib/gcc/arm-none-eabi/11.3.1/../../../../arm-none-eabi/lib/thumb/v7e-m+fp/hard\libc_nano.a(libc_a-exit.o)
                              c:/users/tranm/appdata/roaming/code/user/globalstorage/bmd.stm32-for-vscode/@xpack-dev-tools/arm-none-eabi-gcc/11.3.1-1.1.2/.content/bin/../lib/gcc/arm-none-eabi/11.3.1/../../../../arm-none-eabi/lib/thumb/v7e-m+fp/hard/crt0.o (exit)
c:/users/tranm/appdata/roaming/code/user/globalstorage/bmd.stm32-for-vscode/@xpack-dev-tools/arm-none-eabi-gcc/11.3.1-1.1.2/.content/bin/../lib/gcc/arm-none-eabi/11.3.1/../../../../arm-none-eabi/lib/thumb/v7e-m+fp/hard\libc_nano.a(libc_a-findfp.o)
                              c:/users/tranm/appdata/roaming/code/user/globalstorage/bmd.stm32-for-vscode/@xpack-dev-tools/arm-none-eabi-gcc/11.3.1-1.1.2/.content/bin/../lib/gcc/arm-none-eabi/11.3.1/../../../../arm-none-eabi/lib/thumb/v7e-m+fp/hard\libc_nano.a(libc_a-exit.o) (__stdio_exit_handler)
c:/users/tranm/appdata/roaming/code/user/globalstorage/bmd.stm32-for-vscode/@xpack-dev-tools/arm-none-eabi-gcc/11.3.1-1.1.2/.content/bin/../lib/gcc/arm-none-eabi/11.3.1/../../../../arm-none-eabi/lib/thumb/v7e-m+fp/hard\libc_nano.a(libc_a-fwalk.o)
                              c:/users/tranm/appdata/roaming/code/user/globalstorage/bmd.stm32-for-vscode/@xpack-dev-tools/arm-none-eabi-gcc/11.3.1-1.1.2/.content/bin/../lib/gcc/arm-none-eabi/11.3.1/../../../../arm-none-eabi/lib/thumb/v7e-m+fp/hard\libc_nano.a(libc_a-findfp.o) (_fwalk_sglue)
c:/users/tranm/appdata/roaming/code/user/globalstorage/bmd.stm32-for-vscode/@xpack-dev-tools/arm-none-eabi-gcc/11.3.1-1.1.2/.content/bin/../lib/gcc/arm-none-eabi/11.3.1/../../../../arm-none-eabi/lib/thumb/v7e-m+fp/hard\libc_nano.a(libc_a-sprintf.o)
                              build/main.o (sprintf)
c:/users/tranm/appdata/roaming/code/user/globalstorage/bmd.stm32-for-vscode/@xpack-dev-tools/arm-none-eabi-gcc/11.3.1-1.1.2/.content/bin/../lib/gcc/arm-none-eabi/11.3.1/../../../../arm-none-eabi/lib/thumb/v7e-m+fp/hard\libc_nano.a(libc_a-stdio.o)
                              c:/users/tranm/appdata/roaming/code/user/globalstorage/bmd.stm32-for-vscode/@xpack-dev-tools/arm-none-eabi-gcc/11.3.1-1.1.2/.content/bin/../lib/gcc/arm-none-eabi/11.3.1/../../../../arm-none-eabi/lib/thumb/v7e-m+fp/hard\libc_nano.a(libc_a-findfp.o) (__sread)
c:/users/tranm/appdata/roaming/code/user/globalstorage/bmd.stm32-for-vscode/@xpack-dev-tools/arm-none-eabi-gcc/11.3.1-1.1.2/.content/bin/../lib/gcc/arm-none-eabi/11.3.1/../../../../arm-none-eabi/lib/thumb/v7e-m+fp/hard\libc_nano.a(libc_a-memset.o)
                              c:/users/tranm/appdata/roaming/code/user/globalstorage/bmd.stm32-for-vscode/@xpack-dev-tools/arm-none-eabi-gcc/11.3.1-1.1.2/.content/bin/../lib/gcc/arm-none-eabi/11.3.1/../../../../arm-none-eabi/lib/thumb/v7e-m+fp/hard/crt0.o (memset)
c:/users/tranm/appdata/roaming/code/user/globalstorage/bmd.stm32-for-vscode/@xpack-dev-tools/arm-none-eabi-gcc/11.3.1-1.1.2/.content/bin/../lib/gcc/arm-none-eabi/11.3.1/../../../../arm-none-eabi/lib/thumb/v7e-m+fp/hard\libc_nano.a(libc_a-closer.o)
                              c:/users/tranm/appdata/roaming/code/user/globalstorage/bmd.stm32-for-vscode/@xpack-dev-tools/arm-none-eabi-gcc/11.3.1-1.1.2/.content/bin/../lib/gcc/arm-none-eabi/11.3.1/../../../../arm-none-eabi/lib/thumb/v7e-m+fp/hard\libc_nano.a(libc_a-stdio.o) (_close_r)
c:/users/tranm/appdata/roaming/code/user/globalstorage/bmd.stm32-for-vscode/@xpack-dev-tools/arm-none-eabi-gcc/11.3.1-1.1.2/.content/bin/../lib/gcc/arm-none-eabi/11.3.1/../../../../arm-none-eabi/lib/thumb/v7e-m+fp/hard\libc_nano.a(libc_a-reent.o)
                              c:/users/tranm/appdata/roaming/code/user/globalstorage/bmd.stm32-for-vscode/@xpack-dev-tools/arm-none-eabi-gcc/11.3.1-1.1.2/.content/bin/../lib/gcc/arm-none-eabi/11.3.1/../../../../arm-none-eabi/lib/thumb/v7e-m+fp/hard\libc_nano.a(libc_a-closer.o) (errno)
c:/users/tranm/appdata/roaming/code/user/globalstorage/bmd.stm32-for-vscode/@xpack-dev-tools/arm-none-eabi-gcc/11.3.1-1.1.2/.content/bin/../lib/gcc/arm-none-eabi/11.3.1/../../../../arm-none-eabi/lib/thumb/v7e-m+fp/hard\libc_nano.a(libc_a-impure.o)
[...]
Memory Configuration

Name             Origin             Length             Attributes
RAM              0x0000000020000000 0x0000000000008000 xrw
FLASH            0x0000000008000000 0x0000000000020000 xr
*default*        0x0000000000000000 0xffffffffffffffff

Linker script and memory map

LOAD c:/users/tranm/appdata/roaming/code/user/globalstorage/bmd.stm32-for-vscode/@xpack-dev-tools/arm-none-eabi-gcc/11.3.1-1.1.2/.content/bin/../lib/gcc/arm-none-eabi/11.3.1/thumb/v7e-m+fp/hard/crti.o
LOAD c:/users/tranm/appdata/roaming/code/user/globalstorage/bmd.stm32-for-vscode/@xpack-dev-tools/arm-none-eabi-gcc/11.3.1-1.1.2/.content/bin/../lib/gcc/arm-none-eabi/11.3.1/thumb/v7e-m+fp/hard/crtbegin.o
LOAD c:/users/tranm/appdata/roaming/code/user/globalstorage/bmd.stm32-for-vscode/@xpack-dev-tools/arm-none-eabi-gcc/11.3.1-1.1.2/.content/bin/../lib/gcc/arm-none-eabi/11.3.1/../../../../arm-none-eabi/lib/thumb/v7e-m+fp/hard/crt0.o
LOAD build/main.o
LOAD build/stm32g4xx_hal_msp.o
LOAD build/stm32g4xx_it.o
LOAD build/system_stm32g4xx.o
LOAD build/stm32g4xx_hal.o
LOAD build/stm32g4xx_hal_cortex.o
LOAD build/stm32g4xx_hal_dma.o
LOAD build/stm32g4xx_hal_dma_ex.o
LOAD build/stm32g4xx_hal_exti.o
LOAD build/stm32g4xx_hal_flash.o
LOAD build/stm32g4xx_hal_flash_ex.o
LOAD build/stm32g4xx_hal_flash_ramfunc.o
LOAD build/stm32g4xx_hal_gpio.o
LOAD build/stm32g4xx_hal_pwr.o
LOAD build/stm32g4xx_hal_pwr_ex.o
LOAD build/stm32g4xx_hal_rcc.o
LOAD build/stm32g4xx_hal_rcc_ex.o
LOAD build/stm32g4xx_hal_tim.o
LOAD build/stm32g4xx_hal_tim_ex.o
LOAD build/stm32g4xx_hal_uart.o
LOAD build/stm32g4xx_hal_uart_ex.o
LOAD build/startup_stm32g431xx.o
LOAD c:/users/tranm/appdata/roaming/code/user/globalstorage/bmd.stm32-for-vscode/@xpack-dev-tools/arm-none-eabi-gcc/11.3.1-1.1.2/.content/bin/../lib/gcc/arm-none-eabi/11.3.1/../../../../arm-none-eabi/lib/thumb/v7e-m+fp/hard\libc_nano.a
LOAD c:/users/tranm/appdata/roaming/code/user/globalstorage/bmd.stm32-for-vscode/@xpack-dev-tools/arm-none-eabi-gcc/11.3.1-1.1.2/.content/bin/../lib/gcc/arm-none-eabi/11.3.1/../../../../arm-none-eabi/lib/thumb/v7e-m+fp/hard\libm.a
LOAD c:/users/tranm/appdata/roaming/code/user/globalstorage/bmd.stm32-for-vscode/@xpack-dev-tools/arm-none-eabi-gcc/11.3.1-1.1.2/.content/bin/../lib/gcc/arm-none-eabi/11.3.1/../../../../arm-none-eabi/lib/thumb/v7e-m+fp/hard\libnosys.a
START GROUP
LOAD c:/users/tranm/appdata/roaming/code/user/globalstorage/bmd.stm32-for-vscode/@xpack-dev-tools/arm-none-eabi-gcc/11.3.1-1.1.2/.content/bin/../lib/gcc/arm-none-eabi/11.3.1/thumb/v7e-m+fp/hard\libgcc.a
LOAD c:/users/tranm/appdata/roaming/code/user/globalstorage/bmd.stm32-for-vscode/@xpack-dev-tools/arm-none-eabi-gcc/11.3.1-1.1.2/.content/bin/../lib/gcc/arm-none-eabi/11.3.1/../../../../arm-none-eabi/lib/thumb/v7e-m+fp/hard\libc_nano.a
END GROUP
START GROUP
LOAD c:/users/tranm/appdata/roaming/code/user/globalstorage/bmd.stm32-for-vscode/@xpack-dev-tools/arm-none-eabi-gcc/11.3.1-1.1.2/.content/bin/../lib/gcc/arm-none-eabi/11.3.1/thumb/v7e-m+fp/hard\libgcc.a
LOAD c:/users/tranm/appdata/roaming/code/user/globalstorage/bmd.stm32-for-vscode/@xpack-dev-tools/arm-none-eabi-gcc/11.3.1-1.1.2/.content/bin/../lib/gcc/arm-none-eabi/11.3.1/../../../../arm-none-eabi/lib/thumb/v7e-m+fp/hard\libc_nano.a
END GROUP
LOAD c:/users/tranm/appdata/roaming/code/user/globalstorage/bmd.stm32-for-vscode/@xpack-dev-tools/arm-none-eabi-gcc/11.3.1-1.1.2/.content/bin/../lib/gcc/arm-none-eabi/11.3.1/thumb/v7e-m+fp/hard/crtend.o
LOAD c:/users/tranm/appdata/roaming/code/user/globalstorage/bmd.stm32-for-vscode/@xpack-dev-tools/arm-none-eabi-gcc/11.3.1-1.1.2/.content/bin/../lib/gcc/arm-none-eabi/11.3.1/thumb/v7e-m+fp/hard/crtn.o
                0x0000000020008000                _estack = (ORIGIN (RAM) + LENGTH (RAM))
                0x0000000000000200                _Min_Heap_Size = 0x200
                0x0000000000000400                _Min_Stack_Size = 0x400

.isr_vector     0x0000000008000000      0x1d8
                0x0000000008000000                . = ALIGN (0x4)
 *(.isr_vector)
 .isr_vector    0x0000000008000000      0x1d8 build/startup_stm32g431xx.o
                0x0000000008000000                g_pfnVectors
                0x00000000080001d8                . = ALIGN (0x4)

.text           0x00000000080001e0     0x33ac
                0x00000000080001e0                . = ALIGN (0x4)
 *(.text)
 .text          0x00000000080001e0       0x10 c:/users/tranm/appdata/roaming/code/user/globalstorage/bmd.stm32-for-vscode/@xpack-dev-tools/arm-none-eabi-gcc/11.3.1-1.1.2/.content/bin/../lib/gcc/arm-none-eabi/11.3.1/../../../../arm-none-eabi/lib/thumb/v7e-m+fp/hard\libc_nano.a(libc_a-strlen.o)
                0x00000000080001e0                strlen
 .text          0x00000000080001f0       0xa0 c:/users/tranm/appdata/roaming/code/user/globalstorage/bmd.stm32-for-vscode/@xpack-dev-tools/arm-none-eabi-gcc/11.3.1-1.1.2/.content/bin/../lib/gcc/arm-none-eabi/11.3.1/../../../../arm-none-eabi/lib/thumb/v7e-m+fp/hard\libc_nano.a(libc_a-memchr.o)
                0x00000000080001f0                memchr
 .text          0x0000000008000290      0x254 c:/users/tranm/appdata/roaming/code/user/globalstorage/bmd.stm32-for-vscode/@xpack-dev-tools/arm-none-eabi-gcc/11.3.1-1.1.2/.content/bin/../lib/gcc/arm-none-eabi/11.3.1/thumb/v7e-m+fp/hard\libgcc.a(_arm_muldf3.o)
                0x0000000008000290                __muldf3
                0x0000000008000290                __aeabi_dmul
 .text          0x00000000080004e4      0x378 c:/users/tranm/appdata/roaming/code/user/globalstorage/bmd.stm32-for-vscode/@xpack-dev-tools/arm-none-eabi-gcc/11.3.1-1.1.2/.content/bin/../lib/gcc/arm-none-eabi/11.3.1/thumb/v7e-m+fp/hard\libgcc.a(_arm_addsubdf3.o)
                0x00000000080004e4                __aeabi_drsub
                0x00000000080004ec                __aeabi_dsub
                0x00000000080004ec                __subdf3
                0x00000000080004f0                __aeabi_dadd
                0x00000000080004f0                __adddf3
                0x0000000008000768                __floatunsidf
                0x0000000008000768                __aeabi_ui2d
                0x0000000008000788                __floatsidf
                0x0000000008000788                __aeabi_i2d
                0x00000000080007ac                __aeabi_f2d
                0x00000000080007ac                __extendsfdf2
                0x00000000080007f0                __floatundidf
                0x00000000080007f0                __aeabi_ul2d
                0x0000000008000800                __floatdidf
                0x0000000008000800                __aeabi_l2d
 .text          0x000000000800085c       0x40 c:/users/tranm/appdata/roaming/code/user/globalstorage/bmd.stm32-for-vscode/@xpack-dev-tools/arm-none-eabi-gcc/11.3.1-1.1.2/.content/bin/../lib/gcc/arm-none-eabi/11.3.1/thumb/v7e-m+fp/hard\libgcc.a(_arm_fixunsdfsi.o)
                0x000000000800085c                __aeabi_d2uiz
                0x000000000800085c                __fixunsdfsi
 .text          0x000000000800089c       0x30 c:/users/tranm/appdata/roaming/code/user/globalstorage/bmd.stm32-for-vscode/@xpack-dev-tools/arm-none-eabi-gcc/11.3.1-1.1.2/.content/bin/../lib/gcc/arm-none-eabi/11.3.1/thumb/v7e-m+fp/hard\libgcc.a(_aeabi_uldivmod.o)
                0x000000000800089c                __aeabi_uldivmod
 .text          0x00000000080008cc        0x4 c:/users/tranm/appdata/roaming/code/user/globalstorage/bmd.stm32-for-vscode/@xpack-dev-tools/arm-none-eabi-gcc/11.3.1-1.1.2/.content/bin/../lib/gcc/arm-none-eabi/11.3.1/thumb/v7e-m+fp/hard\libgcc.a(_dvmd_tls.o)
                0x00000000080008cc                __aeabi_idiv0
                0x00000000080008cc                __aeabi_ldiv0
 *(.text*)
 .text.__do_global_dtors_aux
                0x00000000080008d0       0x24 c:/users/tranm/appdata/roaming/code/user/globalstorage/bmd.stm32-for-vscode/@xpack-dev-tools/arm-none-eabi-gcc/11.3.1-1.1.2/.content/bin/../lib/gcc/arm-none-eabi/11.3.1/thumb/v7e-m+fp/hard/crtbegin.o
 .text.frame_dummy
                0x00000000080008f4       0x1c c:/users/tranm/appdata/roaming/code/user/globalstorage/bmd.stm32-for-vscode/@xpack-dev-tools/arm-none-eabi-gcc/11.3.1-1.1.2/.content/bin/../lib/gcc/arm-none-eabi/11.3.1/thumb/v7e-m+fp/hard/crtbegin.o
 .text.MX_GPIO_Init
                0x0000000008000910       0xc0 build/main.o
 .text.HAL_GPIO_EXTI_Callback
                0x00000000080009d0       0xcc build/main.o
                0x00000000080009d0                HAL_GPIO_EXTI_Callback
 .text.Error_Handler
                0x0000000008000a9c        0x4 build/main.o
                0x0000000008000a9c                Error_Handler
 .text.MX_LPUART1_UART_Init
                0x0000000008000aa0       0x60 build/main.o
 .text.MX_TIM2_Init
                0x0000000008000b00       0x68 build/main.o
 .text.SystemClock_Config
                0x0000000008000b68       0x70 build/main.o
                0x0000000008000b68                SystemClock_Config
 .text.main     0x0000000008000bd8       0xd4 build/main.o
                0x0000000008000bd8                main
 .text.HAL_MspInit
                0x0000000008000cac       0x38 build/stm32g4xx_hal_msp.o
                0x0000000008000cac                HAL_MspInit
 .text.HAL_UART_MspInit
                0x0000000008000ce4       0x84 build/stm32g4xx_hal_msp.o
                0x0000000008000ce4                HAL_UART_MspInit
 .text.HAL_TIM_Base_MspInit
                0x0000000008000d68       0x26 build/stm32g4xx_hal_msp.o
                0x0000000008000d68                HAL_TIM_Base_MspInit
 .text.NMI_Handler
                0x0000000008000d8e        0x2 build/stm32g4xx_it.o
                0x0000000008000d8e                NMI_Handler
 .text.HardFault_Handler
                0x0000000008000d90        0x2 build/stm32g4xx_it.o
                0x0000000008000d90                HardFault_Handler
 .text.MemManage_Handler
                0x0000000008000d92        0x2 build/stm32g4xx_it.o
                0x0000000008000d92                MemManage_Handler
 .text.BusFault_Handler
                0x0000000008000d94        0x2 build/stm32g4xx_it.o
                0x0000000008000d94                BusFault_Handler
 .text.UsageFault_Handler
                0x0000000008000d96        0x2 build/stm32g4xx_it.o
                0x0000000008000d96                UsageFault_Handler
 .text.SVC_Handler
                0x0000000008000d98        0x2 build/stm32g4xx_it.o
                0x0000000008000d98                SVC_Handler
 .text.DebugMon_Handler
                0x0000000008000d9a        0x2 build/stm32g4xx_it.o
                0x0000000008000d9a                DebugMon_Handler
 .text.PendSV_Handler
                0x0000000008000d9c        0x2 build/stm32g4xx_it.o
                0x0000000008000d9c                PendSV_Handler
 .text.SysTick_Handler
                0x0000000008000d9e        0x8 build/stm32g4xx_it.o
                0x0000000008000d9e                SysTick_Handler
 .text.EXTI0_IRQHandler
                0x0000000008000da6        0xa build/stm32g4xx_it.o
                0x0000000008000da6                EXTI0_IRQHandler
 .text.SystemInit
                0x0000000008000db0       0x14 build/system_stm32g4xx.o
                0x0000000008000db0                SystemInit
 .text.HAL_InitTick
                0x0000000008000dc4       0x50 build/stm32g4xx_hal.o
                0x0000000008000dc4                HAL_InitTick
 .text.HAL_Init
                0x0000000008000e14       0x1e build/stm32g4xx_hal.o
                0x0000000008000e14                HAL_Init
 *fill*         0x0000000008000e32        0x2 
 .text.HAL_IncTick
                0x0000000008000e34       0x18 build/stm32g4xx_hal.o
                0x0000000008000e34                HAL_IncTick
 .text.HAL_GetTick
                0x0000000008000e4c        0xc build/stm32g4xx_hal.o
                0x0000000008000e4c                HAL_GetTick
 .text.HAL_NVIC_SetPriorityGrouping
                0x0000000008000e58       0x24 build/stm32g4xx_hal_cortex.o
                0x0000000008000e58                HAL_NVIC_SetPriorityGrouping
 .text.HAL_NVIC_SetPriority
                0x0000000008000e7c       0x70 build/stm32g4xx_hal_cortex.o
                0x0000000008000e7c                HAL_NVIC_SetPriority
 .text.HAL_NVIC_EnableIRQ
                0x0000000008000eec       0x1c build/stm32g4xx_hal_cortex.o
                0x0000000008000eec                HAL_NVIC_EnableIRQ
 .text.HAL_SYSTICK_Config
                0x0000000008000f08       0x28 build/stm32g4xx_hal_cortex.o
                0x0000000008000f08                HAL_SYSTICK_Config
 .text.HAL_GPIO_Init
                0x0000000008000f30      0x1d4 build/stm32g4xx_hal_gpio.o
                0x0000000008000f30                HAL_GPIO_Init
 .text.HAL_GPIO_ReadPin
                0x0000000008001104        0xe build/stm32g4xx_hal_gpio.o
                0x0000000008001104                HAL_GPIO_ReadPin
 .text.HAL_GPIO_WritePin
                0x0000000008001112        0xa build/stm32g4xx_hal_gpio.o
                0x0000000008001112                HAL_GPIO_WritePin
 .text.HAL_GPIO_EXTI_IRQHandler
                0x000000000800111c       0x1c build/stm32g4xx_hal_gpio.o
                0x000000000800111c                HAL_GPIO_EXTI_IRQHandler
 .text.HAL_PWREx_ControlVoltageScaling
                0x0000000008001138      0x10c build/stm32g4xx_hal_pwr_ex.o
                0x0000000008001138                HAL_PWREx_ControlVoltageScaling
 .text.HAL_PWREx_DisableUCPDDeadBattery
                0x0000000008001244       0x10 build/stm32g4xx_hal_pwr_ex.o
                0x0000000008001244                HAL_PWREx_DisableUCPDDeadBattery
 .text.RCC_GetSysClockFreqFromPLLSource
                0x0000000008001254       0x58 build/stm32g4xx_hal_rcc.o
 .text.HAL_RCC_OscConfig
                0x00000000080012ac      0x4e8 build/stm32g4xx_hal_rcc.o
                0x00000000080012ac                HAL_RCC_OscConfig
 .text.HAL_RCC_GetSysClockFreq
                0x0000000008001794       0x88 build/stm32g4xx_hal_rcc.o
                0x0000000008001794                HAL_RCC_GetSysClockFreq
 .text.HAL_RCC_ClockConfig
                0x000000000800181c      0x1f8 build/stm32g4xx_hal_rcc.o
                0x000000000800181c                HAL_RCC_ClockConfig
 .text.HAL_RCC_GetHCLKFreq
                0x0000000008001a14        0xc build/stm32g4xx_hal_rcc.o
                0x0000000008001a14                HAL_RCC_GetHCLKFreq
 .text.HAL_RCC_GetPCLK1Freq
                0x0000000008001a20       0x24 build/stm32g4xx_hal_rcc.o
                0x0000000008001a20                HAL_RCC_GetPCLK1Freq
 .text.HAL_RCC_GetPCLK2Freq
                0x0000000008001a44       0x24 build/stm32g4xx_hal_rcc.o
                0x0000000008001a44                HAL_RCC_GetPCLK2Freq
 .text.HAL_RCCEx_PeriphCLKConfig
                0x0000000008001a68      0x2e4 build/stm32g4xx_hal_rcc_ex.o
                0x0000000008001a68                HAL_RCCEx_PeriphCLKConfig
 .text.TIM_TI1_ConfigInputStage
                0x0000000008001d4c       0x26 build/stm32g4xx_hal_tim.o
 .text.TIM_TI2_ConfigInputStage
                0x0000000008001d72       0x28 build/stm32g4xx_hal_tim.o
 .text.TIM_ITRx_SetConfig
                0x0000000008001d9a       0x14 build/stm32g4xx_hal_tim.o
 *fill*         0x0000000008001dae        0x2 
 .text.HAL_TIM_Base_Start
                0x0000000008001db0       0x7c build/stm32g4xx_hal_tim.o
                0x0000000008001db0                HAL_TIM_Base_Start
 .text.HAL_TIM_Base_Stop
                0x0000000008001e2c       0x28 build/stm32g4xx_hal_tim.o
                0x0000000008001e2c                HAL_TIM_Base_Stop
 .text.TIM_Base_SetConfig
                0x0000000008001e54       0xb8 build/stm32g4xx_hal_tim.o
                0x0000000008001e54                TIM_Base_SetConfig
 .text.HAL_TIM_Base_Init
                0x0000000008001f0c       0x60 build/stm32g4xx_hal_tim.o
                0x0000000008001f0c                HAL_TIM_Base_Init
 .text.TIM_ETR_SetConfig
                0x0000000008001f6c       0x1a build/stm32g4xx_hal_tim.o
                0x0000000008001f6c                TIM_ETR_SetConfig
 *fill*         0x0000000008001f86        0x2 
 .text.HAL_TIM_ConfigClockSource
                0x0000000008001f88      0x138 build/stm32g4xx_hal_tim.o
                0x0000000008001f88                HAL_TIM_ConfigClockSource
 .text.HAL_TIMEx_MasterConfigSynchronization
                0x00000000080020c0       0x94 build/stm32g4xx_hal_tim_ex.o
                0x00000000080020c0                HAL_TIMEx_MasterConfigSynchronization
 .text.UART_SetConfig
                0x0000000008002154      0x344 build/stm32g4xx_hal_uart.o
                0x0000000008002154                UART_SetConfig
 .text.UART_AdvFeatureConfig
                0x0000000008002498       0xca build/stm32g4xx_hal_uart.o
                0x0000000008002498                UART_AdvFeatureConfig
 .text.UART_WaitOnFlagUntilTimeout
                0x0000000008002562       0xd8 build/stm32g4xx_hal_uart.o
                0x0000000008002562                UART_WaitOnFlagUntilTimeout
 .text.HAL_UART_Transmit
                0x000000000800263a       0xde build/stm32g4xx_hal_uart.o
                0x000000000800263a                HAL_UART_Transmit
 .text.UART_CheckIdleState
                0x0000000008002718       0x74 build/stm32g4xx_hal_uart.o
                0x0000000008002718                UART_CheckIdleState
 .text.HAL_UART_Init
                0x000000000800278c       0x66 build/stm32g4xx_hal_uart.o
                0x000000000800278c                HAL_UART_Init
 *fill*         0x00000000080027f2        0x2 
 .text.UARTEx_SetNbDataToProcess
                0x00000000080027f4       0x4c build/stm32g4xx_hal_uart_ex.o
 .text.HAL_UARTEx_DisableFifoMode
                0x0000000008002840       0x3e build/stm32g4xx_hal_uart_ex.o
                0x0000000008002840                HAL_UARTEx_DisableFifoMode
 .text.HAL_UARTEx_SetTxFifoThreshold
                0x000000000800287e       0x4a build/stm32g4xx_hal_uart_ex.o
                0x000000000800287e                HAL_UARTEx_SetTxFifoThreshold
 .text.HAL_UARTEx_SetRxFifoThreshold
                0x00000000080028c8       0x4a build/stm32g4xx_hal_uart_ex.o
                0x00000000080028c8                HAL_UARTEx_SetRxFifoThreshold
 *fill*         0x0000000008002912        0x2 
 .text.Reset_Handler
                0x0000000008002914       0x50 build/startup_stm32g431xx.o
                0x0000000008002914                Reset_Handler
 .text.Default_Handler
                0x0000000008002964        0x2 build/startup_stm32g431xx.o
                0x0000000008002964                RTC_Alarm_IRQHandler
                0x0000000008002964                EXTI2_IRQHandler
                0x0000000008002964                TIM8_TRG_COM_IRQHandler
                0x0000000008002964                TIM8_CC_IRQHandler
                0x0000000008002964                TIM1_CC_IRQHandler
                0x0000000008002964                USB_HP_IRQHandler
                0x0000000008002964                CORDIC_IRQHandler
                0x0000000008002964                EXTI3_IRQHandler
                0x0000000008002964                I2C3_ER_IRQHandler
                0x0000000008002964                I2C2_EV_IRQHandler
                0x0000000008002964                FPU_IRQHandler
                0x0000000008002964                FDCAN1_IT1_IRQHandler
                0x0000000008002964                TIM1_UP_TIM16_IRQHandler
                0x0000000008002964                ADC1_2_IRQHandler
                0x0000000008002964                SPI1_IRQHandler
                0x0000000008002964                TIM6_DAC_IRQHandler
                0x0000000008002964                TIM8_UP_IRQHandler
                0x0000000008002964                DMA2_Channel2_IRQHandler
                0x0000000008002964                DMA1_Channel4_IRQHandler
                0x0000000008002964                USART3_IRQHandler
                0x0000000008002964                TIM4_IRQHandler
                0x0000000008002964                DMA2_Channel1_IRQHandler
                0x0000000008002964                I2C1_EV_IRQHandler
                0x0000000008002964                DMA1_Channel6_IRQHandler
                0x0000000008002964                UART4_IRQHandler
                0x0000000008002964                DMA2_Channel4_IRQHandler
                0x0000000008002964                TIM3_IRQHandler
                0x0000000008002964                RCC_IRQHandler
                0x0000000008002964                DMA1_Channel1_IRQHandler
                0x0000000008002964                Default_Handler
                0x0000000008002964                RTC_TAMP_LSECSS_IRQHandler
                0x0000000008002964                FMAC_IRQHandler
                0x0000000008002964                EXTI15_10_IRQHandler
                0x0000000008002964                TIM7_IRQHandler
                0x0000000008002964                UCPD1_IRQHandler
                0x0000000008002964                I2C3_EV_IRQHandler
                0x0000000008002964                EXTI9_5_IRQHandler
                0x0000000008002964                RTC_WKUP_IRQHandler
                0x0000000008002964                PVD_PVM_IRQHandler
                0x0000000008002964                SPI2_IRQHandler
                0x0000000008002964                DMA2_Channel5_IRQHandler
                0x0000000008002964                CRS_IRQHandler
                0x0000000008002964                DMA1_Channel5_IRQHandler
                0x0000000008002964                USB_LP_IRQHandler
                0x0000000008002964                EXTI4_IRQHandler
                0x0000000008002964                RNG_IRQHandler
                0x0000000008002964                TIM1_TRG_COM_TIM17_IRQHandler
                0x0000000008002964                DMA1_Channel3_IRQHandler
                0x0000000008002964                WWDG_IRQHandler
                0x0000000008002964                LPUART1_IRQHandler
                0x0000000008002964                DMA2_Channel6_IRQHandler
                0x0000000008002964                FDCAN1_IT0_IRQHandler
                0x0000000008002964                TIM2_IRQHandler
                0x0000000008002964                COMP1_2_3_IRQHandler
                0x0000000008002964                EXTI1_IRQHandler
                0x0000000008002964                USART2_IRQHandler
                0x0000000008002964                I2C2_ER_IRQHandler
                0x0000000008002964                DMA1_Channel2_IRQHandler
                0x0000000008002964                TIM8_BRK_IRQHandler
                0x0000000008002964                FLASH_IRQHandler
                0x0000000008002964                USART1_IRQHandler
                0x0000000008002964                SPI3_IRQHandler
                0x0000000008002964                I2C1_ER_IRQHandler
                0x0000000008002964                LPTIM1_IRQHandler
                0x0000000008002964                DMAMUX_OVR_IRQHandler
                0x0000000008002964                USBWakeUp_IRQHandler
                0x0000000008002964                SAI1_IRQHandler
                0x0000000008002964                DMA2_Channel3_IRQHandler
                0x0000000008002964                COMP4_IRQHandler
                0x0000000008002964                TIM1_BRK_TIM15_IRQHandler
 *fill*         0x0000000008002966        0x2 
 .text.sprintf  0x0000000008002968       0x40 c:/users/tranm/appdata/roaming/code/user/globalstorage/bmd.stm32-for-vscode/@xpack-dev-tools/arm-none-eabi-gcc/11.3.1-1.1.2/.content/bin/../lib/gcc/arm-none-eabi/11.3.1/../../../../arm-none-eabi/lib/thumb/v7e-m+fp/hard\libc_nano.a(libc_a-sprintf.o)
                0x0000000008002968                siprintf
                0x0000000008002968                sprintf
 .text.memset   0x00000000080029a8       0x10 c:/users/tranm/appdata/roaming/code/user/globalstorage/bmd.stm32-for-vscode/@xpack-dev-tools/arm-none-eabi-gcc/11.3.1-1.1.2/.content/bin/../lib/gcc/arm-none-eabi/11.3.1/../../../../arm-none-eabi/lib/thumb/v7e-m+fp/hard\libc_nano.a(libc_a-memset.o)
                0x00000000080029a8                memset
 .text.__libc_init_array
                0x00000000080029b8       0x48 c:/users/tranm/appdata/roaming/code/user/globalstorage/bmd.stm32-for-vscode/@xpack-dev-tools/arm-none-eabi-gcc/11.3.1-1.1.2/.content/bin/../lib/gcc/arm-none-eabi/11.3.1/../../../../arm-none-eabi/lib/thumb/v7e-m+fp/hard\libc_nano.a(libc_a-init.o)
                0x00000000080029b8                __libc_init_array
 .text.__retarget_lock_acquire_recursive
                0x0000000008002a00        0x2 c:/users/tranm/appdata/roaming/code/user/globalstorage/bmd.stm32-for-vscode/@xpack-dev-tools/arm-none-eabi-gcc/11.3.1-1.1.2/.content/bin/../lib/gcc/arm-none-eabi/11.3.1/../../../../arm-none-eabi/lib/thumb/v7e-m+fp/hard\libc_nano.a(libc_a-lock.o)
                0x0000000008002a00                __retarget_lock_acquire_recursive
 .text.__retarget_lock_release_recursive
                0x0000000008002a02        0x2 c:/users/tranm/appdata/roaming/code/user/globalstorage/bmd.stm32-for-vscode/@xpack-dev-tools/arm-none-eabi-gcc/11.3.1-1.1.2/.content/bin/../lib/gcc/arm-none-eabi/11.3.1/../../../../arm-none-eabi/lib/thumb/v7e-m+fp/hard\libc_nano.a(libc_a-lock.o)
                0x0000000008002a02                __retarget_lock_release_recursive
 .text._free_r  0x0000000008002a04       0x98 c:/users/tranm/appdata/roaming/code/user/globalstorage/bmd.stm32-for-vscode/@xpack-dev-tools/arm-none-eabi-gcc/11.3.1-1.1.2/.content/bin/../lib/gcc/arm-none-eabi/11.3.1/../../../../arm-none-eabi/lib/thumb/v7e-m+fp/hard\libc_nano.a(libc_a-freer.o)
                0x0000000008002a04                _free_r
 .text.sbrk_aligned
                0x0000000008002a9c       0x40 c:/users/tranm/appdata/roaming/code/user/globalstorage/bmd.stm32-for-vscode/@xpack-dev-tools/arm-none-eabi-gcc/11.3.1-1.1.2/.content/bin/../lib/gcc/arm-none-eabi/11.3.1/../../../../arm-none-eabi/lib/thumb/v7e-m+fp/hard\libc_nano.a(libc_a-mallocr.o)
 .text._malloc_r
                0x0000000008002adc       0xec c:/users/tranm/appdata/roaming/code/user/globalstorage/bmd.stm32-for-vscode/@xpack-dev-tools/arm-none-eabi-gcc/11.3.1-1.1.2/.content/bin/../lib/gcc/arm-none-eabi/11.3.1/../../../../arm-none-eabi/lib/thumb/v7e-m+fp/hard\libc_nano.a(libc_a-mallocr.o)
                0x0000000008002adc                _malloc_r
 .text.__malloc_lock
                0x0000000008002bc8        0xc c:/users/tranm/appdata/roaming/code/user/globalstorage/bmd.stm32-for-vscode/@xpack-dev-tools/arm-none-eabi-gcc/11.3.1-1.1.2/.content/bin/../lib/gcc/arm-none-eabi/11.3.1/../../../../arm-none-eabi/lib/thumb/v7e-m+fp/hard\libc_nano.a(libc_a-mlock.o)
                0x0000000008002bc8                __malloc_lock
 .text.__malloc_unlock
                0x0000000008002bd4        0xc c:/users/tranm/appdata/roaming/code/user/globalstorage/bmd.stm32-for-vscode/@xpack-dev-tools/arm-none-eabi-gcc/11.3.1-1.1.2/.content/bin/../lib/gcc/arm-none-eabi/11.3.1/../../../../arm-none-eabi/lib/thumb/v7e-m+fp/hard\libc_nano.a(libc_a-mlock.o)
                0x0000000008002bd4                __malloc_unlock
 .text.__ssputs_r
                0x0000000008002be0       0xb4 c:/users/tranm/appdata/roaming/code/user/globalstorage/bmd.stm32-for-vscode/@xpack-dev-tools/arm-none-eabi-gcc/11.3.1-1.1.2/.content/bin/../lib/gcc/arm-none-eabi/11.3.1/../../../../arm-none-eabi/lib/thumb/v7e-m+fp/hard\libc_nano.a(libc_a-nano-svfprintf.o)
                0x0000000008002be0                __ssputs_r
 .text._svfprintf_r
                0x0000000008002c94      0x1fc c:/users/tranm/appdata/roaming/code/user/globalstorage/bmd.stm32-for-vscode/@xpack-dev-tools/arm-none-eabi-gcc/11.3.1-1.1.2/.content/bin/../lib/gcc/arm-none-eabi/11.3.1/../../../../arm-none-eabi/lib/thumb/v7e-m+fp/hard\libc_nano.a(libc_a-nano-svfprintf.o)
                0x0000000008002c94                _svfiprintf_r
                0x0000000008002c94                _svfprintf_r
 .text._printf_common
                0x0000000008002e90       0xda c:/users/tranm/appdata/roaming/code/user/globalstorage/bmd.stm32-for-vscode/@xpack-dev-tools/arm-none-eabi-gcc/11.3.1-1.1.2/.content/bin/../lib/gcc/arm-none-eabi/11.3.1/../../../../arm-none-eabi/lib/thumb/v7e-m+fp/hard\libc_nano.a(libc_a-nano-vfprintf_i.o)
                0x0000000008002e90                _printf_common
 *fill*         0x0000000008002f6a        0x2 
 .text._printf_i
                0x0000000008002f6c      0x244 c:/users/tranm/appdata/roaming/code/user/globalstorage/bmd.stm32-for-vscode/@xpack-dev-tools/arm-none-eabi-gcc/11.3.1-1.1.2/.content/bin/../lib/gcc/arm-none-eabi/11.3.1/../../../../arm-none-eabi/lib/thumb/v7e-m+fp/hard\libc_nano.a(libc_a-nano-vfprintf_i.o)
                0x0000000008002f6c                _printf_i
 .text.memmove  0x00000000080031b0       0x34 c:/users/tranm/appdata/roaming/code/user/globalstorage/bmd.stm32-for-vscode/@xpack-dev-tools/arm-none-eabi-gcc/11.3.1-1.1.2/.content/bin/../lib/gcc/arm-none-eabi/11.3.1/../../../../arm-none-eabi/lib/thumb/v7e-m+fp/hard\libc_nano.a(libc_a-memmove.o)
                0x00000000080031b0                memmove
 .text._sbrk_r  0x00000000080031e4       0x20 c:/users/tranm/appdata/roaming/code/user/globalstorage/bmd.stm32-for-vscode/@xpack-dev-tools/arm-none-eabi-gcc/11.3.1-1.1.2/.content/bin/../lib/gcc/arm-none-eabi/11.3.1/../../../../arm-none-eabi/lib/thumb/v7e-m+fp/hard\libc_nano.a(libc_a-sbrkr.o)
                0x00000000080031e4                _sbrk_r
 .text.memcpy   0x0000000008003204       0x1c c:/users/tranm/appdata/roaming/code/user/globalstorage/bmd.stm32-for-vscode/@xpack-dev-tools/arm-none-eabi-gcc/11.3.1-1.1.2/.content/bin/../lib/gcc/arm-none-eabi/11.3.1/../../../../arm-none-eabi/lib/thumb/v7e-m+fp/hard\libc_nano.a(libc_a-memcpy-stub.o)
                0x0000000008003204                memcpy
 .text._realloc_r
                0x0000000008003220       0x5e c:/users/tranm/appdata/roaming/code/user/globalstorage/bmd.stm32-for-vscode/@xpack-dev-tools/arm-none-eabi-gcc/11.3.1-1.1.2/.content/bin/../lib/gcc/arm-none-eabi/11.3.1/../../../../arm-none-eabi/lib/thumb/v7e-m+fp/hard\libc_nano.a(libc_a-reallocr.o)
                0x0000000008003220                _realloc_r
 .text._malloc_usable_size_r
                0x000000000800327e       0x10 c:/users/tranm/appdata/roaming/code/user/globalstorage/bmd.stm32-for-vscode/@xpack-dev-tools/arm-none-eabi-gcc/11.3.1-1.1.2/.content/bin/../lib/gcc/arm-none-eabi/11.3.1/../../../../arm-none-eabi/lib/thumb/v7e-m+fp/hard\libc_nano.a(libc_a-msizer.o)
                0x000000000800327e                _malloc_usable_size_r
 *fill*         0x000000000800328e        0x2 
 .text._sbrk    0x0000000008003290       0x1c c:/users/tranm/appdata/roaming/code/user/globalstorage/bmd.stm32-for-vscode/@xpack-dev-tools/arm-none-eabi-gcc/11.3.1-1.1.2/.content/bin/../lib/gcc/arm-none-eabi/11.3.1/../../../../arm-none-eabi/lib/thumb/v7e-m+fp/hard\libnosys.a(sbrk.o)
                0x0000000008003290                _sbrk
 .text.__udivmoddi4
                0x00000000080032ac      0x2c8 c:/users/tranm/appdata/roaming/code/user/globalstorage/bmd.stm32-for-vscode/@xpack-dev-tools/arm-none-eabi-gcc/11.3.1-1.1.2/.content/bin/../lib/gcc/arm-none-eabi/11.3.1/thumb/v7e-m+fp/hard\libgcc.a(_udivmoddi4.o)
                0x00000000080032ac                __udivmoddi4
 *(.glue_7)
 .glue_7        0x0000000008003574        0x0 linker stubs
 *(.glue_7t)
 .glue_7t       0x0000000008003574        0x0 linker stubs
 *(.eh_frame)
 .eh_frame      0x0000000008003574        0x0 c:/users/tranm/appdata/roaming/code/user/globalstorage/bmd.stm32-for-vscode/@xpack-dev-tools/arm-none-eabi-gcc/11.3.1-1.1.2/.content/bin/../lib/gcc/arm-none-eabi/11.3.1/thumb/v7e-m+fp/hard/crtbegin.o
 *(.init)
 .init          0x0000000008003574        0x4 c:/users/tranm/appdata/roaming/code/user/globalstorage/bmd.stm32-for-vscode/@xpack-dev-tools/arm-none-eabi-gcc/11.3.1-1.1.2/.content/bin/../lib/gcc/arm-none-eabi/11.3.1/thumb/v7e-m+fp/hard/crti.o
                0x0000000008003574                _init
 .init          0x0000000008003578        0x8 c:/users/tranm/appdata/roaming/code/user/globalstorage/bmd.stm32-for-vscode/@xpack-dev-tools/arm-none-eabi-gcc/11.3.1-1.1.2/.content/bin/../lib/gcc/arm-none-eabi/11.3.1/thumb/v7e-m+fp/hard/crtn.o
 *(.fini)
 .fini          0x0000000008003580        0x4 c:/users/tranm/appdata/roaming/code/user/globalstorage/bmd.stm32-for-vscode/@xpack-dev-tools/arm-none-eabi-gcc/11.3.1-1.1.2/.content/bin/../lib/gcc/arm-none-eabi/11.3.1/thumb/v7e-m+fp/hard/crti.o
                0x0000000008003580                _fini
 .fini          0x0000000008003584        0x8 c:/users/tranm/appdata/roaming/code/user/globalstorage/bmd.stm32-for-vscode/@xpack-dev-tools/arm-none-eabi-gcc/11.3.1-1.1.2/.content/bin/../lib/gcc/arm-none-eabi/11.3.1/thumb/v7e-m+fp/hard/crtn.o
                0x000000000800358c                . = ALIGN (0x4)
                0x000000000800358c                _etext = .

.vfp11_veneer   0x000000000800358c        0x0
 .vfp11_veneer  0x000000000800358c        0x0 linker stubs

.v4_bx          0x000000000800358c        0x0
 .v4_bx         0x000000000800358c        0x0 linker stubs

.iplt           0x000000000800358c        0x0
 .iplt          0x000000000800358c        0x0 c:/users/tranm/appdata/roaming/code/user/globalstorage/bmd.stm32-for-vscode/@xpack-dev-tools/arm-none-eabi-gcc/11.3.1-1.1.2/.content/bin/../lib/gcc/arm-none-eabi/11.3.1/thumb/v7e-m+fp/hard/crtbegin.o

.rodata         0x000000000800358c       0x7c
                0x000000000800358c                . = ALIGN (0x4)
 *(.rodata)
 *(.rodata*)
 .rodata.main.str1.4
                0x000000000800358c        0x7 build/main.o
 *fill*         0x0000000008003593        0x1 
 .rodata.AHBPrescTable
                0x0000000008003594       0x10 build/system_stm32g4xx.o
                0x0000000008003594                AHBPrescTable
 .rodata.APBPrescTable
                0x00000000080035a4        0x8 build/system_stm32g4xx.o
                0x00000000080035a4                APBPrescTable
 .rodata.UARTPrescTable
                0x00000000080035ac       0x18 build/stm32g4xx_hal_uart.o
                0x00000000080035ac                UARTPrescTable
 .rodata.denominator.0
                0x00000000080035c4        0x8 build/stm32g4xx_hal_uart_ex.o
 .rodata.numerator.1
                0x00000000080035cc        0x8 build/stm32g4xx_hal_uart_ex.o
 .rodata._svfprintf_r.str1.1
                0x00000000080035d4       0x11 c:/users/tranm/appdata/roaming/code/user/globalstorage/bmd.stm32-for-vscode/@xpack-dev-tools/arm-none-eabi-gcc/11.3.1-1.1.2/.content/bin/../lib/gcc/arm-none-eabi/11.3.1/../../../../arm-none-eabi/lib/thumb/v7e-m+fp/hard\libc_nano.a(libc_a-nano-svfprintf.o)
 .rodata._printf_i.str1.1
                0x00000000080035e5       0x22 c:/users/tranm/appdata/roaming/code/user/globalstorage/bmd.stm32-for-vscode/@xpack-dev-tools/arm-none-eabi-gcc/11.3.1-1.1.2/.content/bin/../lib/gcc/arm-none-eabi/11.3.1/../../../../arm-none-eabi/lib/thumb/v7e-m+fp/hard\libc_nano.a(libc_a-nano-vfprintf_i.o)
                0x0000000008003608                . = ALIGN (0x4)
 *fill*         0x0000000008003607        0x1 

.ARM.extab
 *(.ARM.extab* .gnu.linkonce.armextab.*)

.ARM            0x0000000008003608        0x8
                0x0000000008003608                __exidx_start = .
 *(.ARM.exidx*)
 .ARM.exidx.text.__udivmoddi4
                0x0000000008003608        0x8 c:/users/tranm/appdata/roaming/code/user/globalstorage/bmd.stm32-for-vscode/@xpack-dev-tools/arm-none-eabi-gcc/11.3.1-1.1.2/.content/bin/../lib/gcc/arm-none-eabi/11.3.1/thumb/v7e-m+fp/hard\libgcc.a(_udivmoddi4.o)
                0x0000000008003610                __exidx_end = .

.rel.dyn        0x0000000008003610        0x0
 .rel.iplt      0x0000000008003610        0x0 c:/users/tranm/appdata/roaming/code/user/globalstorage/bmd.stm32-for-vscode/@xpack-dev-tools/arm-none-eabi-gcc/11.3.1-1.1.2/.content/bin/../lib/gcc/arm-none-eabi/11.3.1/thumb/v7e-m+fp/hard/crtbegin.o

.preinit_array  0x0000000008003610        0x0
                0x0000000008003610                PROVIDE (__preinit_array_start = .)
 *(.preinit_array*)
                0x0000000008003610                PROVIDE (__preinit_array_end = .)

.init_array     0x0000000008003610        0x4
                0x0000000008003610                PROVIDE (__init_array_start = .)
 *(SORT_BY_NAME(.init_array.*))
 *(.init_array*)
 .init_array    0x0000000008003610        0x4 c:/users/tranm/appdata/roaming/code/user/globalstorage/bmd.stm32-for-vscode/@xpack-dev-tools/arm-none-eabi-gcc/11.3.1-1.1.2/.content/bin/../lib/gcc/arm-none-eabi/11.3.1/thumb/v7e-m+fp/hard/crtbegin.o
                0x0000000008003614                PROVIDE (__init_array_end = .)

.fini_array     0x0000000008003614        0x4
                0x0000000008003614                PROVIDE (__fini_array_start = .)
 *(SORT_BY_NAME(.fini_array.*))
 *(.fini_array*)
 .fini_array    0x0000000008003614        0x4 c:/users/tranm/appdata/roaming/code/user/globalstorage/bmd.stm32-for-vscode/@xpack-dev-tools/arm-none-eabi-gcc/11.3.1-1.1.2/.content/bin/../lib/gcc/arm-none-eabi/11.3.1/thumb/v7e-m+fp/hard/crtbegin.o
                0x0000000008003618                PROVIDE (__fini_array_end = .)
                0x0000000008003618                _sidata = LOADADDR (.data)

.data           0x0000000020000000       0x5c load address 0x0000000008003618
                0x0000000020000000                . = ALIGN (0x4)
                0x0000000020000000                _sdata = .
 *(.data)
 *(.data*)
 .data.SystemCoreClock
                0x0000000020000000        0x4 build/system_stm32g4xx.o
                0x0000000020000000                SystemCoreClock
 .data.uwTickFreq
                0x0000000020000004        0x4 build/stm32g4xx_hal.o
                0x0000000020000004                uwTickFreq
 .data.uwTickPrio
                0x0000000020000008        0x4 build/stm32g4xx_hal.o
                0x0000000020000008                uwTickPrio
 .data._impure_data
                0x000000002000000c       0x4c c:/users/tranm/appdata/roaming/code/user/globalstorage/bmd.stm32-for-vscode/@xpack-dev-tools/arm-none-eabi-gcc/11.3.1-1.1.2/.content/bin/../lib/gcc/arm-none-eabi/11.3.1/../../../../arm-none-eabi/lib/thumb/v7e-m+fp/hard\libc_nano.a(libc_a-impure.o)
                0x000000002000000c                _impure_data
 .data._impure_ptr
                0x0000000020000058        0x4 c:/users/tranm/appdata/roaming/code/user/globalstorage/bmd.stm32-for-vscode/@xpack-dev-tools/arm-none-eabi-gcc/11.3.1-1.1.2/.content/bin/../lib/gcc/arm-none-eabi/11.3.1/../../../../arm-none-eabi/lib/thumb/v7e-m+fp/hard\libc_nano.a(libc_a-impure.o)
                0x0000000020000058                _impure_ptr
                0x000000002000005c                . = ALIGN (0x4)
                0x000000002000005c                _edata = .

.igot.plt       0x000000002000005c        0x0 load address 0x0000000008003674
 .igot.plt      0x000000002000005c        0x0 c:/users/tranm/appdata/roaming/code/user/globalstorage/bmd.stm32-for-vscode/@xpack-dev-tools/arm-none-eabi-gcc/11.3.1-1.1.2/.content/bin/../lib/gcc/arm-none-eabi/11.3.1/thumb/v7e-m+fp/hard/crtbegin.o
                0x000000002000005c                . = ALIGN (0x4)

.bss            0x000000002000005c      0x260 load address 0x0000000008003674
                0x000000002000005c                _sbss = .
                0x000000002000005c                __bss_start__ = _sbss
 *(.bss)
 *(.bss*)
 .bss.completed.1
                0x000000002000005c        0x1 c:/users/tranm/appdata/roaming/code/user/globalstorage/bmd.stm32-for-vscode/@xpack-dev-tools/arm-none-eabi-gcc/11.3.1-1.1.2/.content/bin/../lib/gcc/arm-none-eabi/11.3.1/thumb/v7e-m+fp/hard/crtbegin.o
 *fill*         0x000000002000005d        0x3 
 .bss.object.0  0x0000000020000060       0x18 c:/users/tranm/appdata/roaming/code/user/globalstorage/bmd.stm32-for-vscode/@xpack-dev-tools/arm-none-eabi-gcc/11.3.1-1.1.2/.content/bin/../lib/gcc/arm-none-eabi/11.3.1/thumb/v7e-m+fp/hard/crtbegin.o
 .bss.distance  0x0000000020000078        0x1 build/main.o
                0x0000000020000078                distance
 .bss.edgeFlag  0x0000000020000079        0x1 build/main.o
                0x0000000020000079                edgeFlag
 *fill*         0x000000002000007a        0x2 
 .bss.hlpuart1  0x000000002000007c       0x90 build/main.o
                0x000000002000007c                hlpuart1
 .bss.htim2     0x000000002000010c       0x4c build/main.o
                0x000000002000010c                htim2
 .bss.msg       0x0000000020000158        0xa build/main.o
                0x0000000020000158                msg
 .bss.sensorFlag
                0x0000000020000162        0x1 build/main.o
                0x0000000020000162                sensorFlag
 *fill*         0x0000000020000163        0x1 
 .bss.tempLowEdge
                0x0000000020000164        0x4 build/main.o
                0x0000000020000164                tempLowEdge
 .bss.tempRiseEdge
                0x0000000020000168        0x4 build/main.o
                0x0000000020000168                tempRiseEdge
 .bss.uwTick    0x000000002000016c        0x4 build/stm32g4xx_hal.o
                0x000000002000016c                uwTick
 .bss.__sf      0x0000000020000170      0x138 c:/users/tranm/appdata/roaming/code/user/globalstorage/bmd.stm32-for-vscode/@xpack-dev-tools/arm-none-eabi-gcc/11.3.1-1.1.2/.content/bin/../lib/gcc/arm-none-eabi/11.3.1/../../../../arm-none-eabi/lib/thumb/v7e-m+fp/hard\libc_nano.a(libc_a-findfp.o)
                0x0000000020000170                __sf
 .bss.errno     0x00000000200002a8        0x4 c:/users/tranm/appdata/roaming/code/user/globalstorage/bmd.stm32-for-vscode/@xpack-dev-tools/arm-none-eabi-gcc/11.3.1-1.1.2/.content/bin/../lib/gcc/arm-none-eabi/11.3.1/../../../../arm-none-eabi/lib/thumb/v7e-m+fp/hard\libc_nano.a(libc_a-reent.o)
                0x00000000200002a8                errno
 .bss.__lock___malloc_recursive_mutex
                0x00000000200002ac        0x1 c:/users/tranm/appdata/roaming/code/user/globalstorage/bmd.stm32-for-vscode/@xpack-dev-tools/arm-none-eabi-gcc/11.3.1-1.1.2/.content/bin/../lib/gcc/arm-none-eabi/11.3.1/../../../../arm-none-eabi/lib/thumb/v7e-m+fp/hard\libc_nano.a(libc_a-lock.o)
                0x00000000200002ac                __lock___malloc_recursive_mutex
 *fill*         0x00000000200002ad        0x3 
 .bss.__malloc_free_list
                0x00000000200002b0        0x4 c:/users/tranm/appdata/roaming/code/user/globalstorage/bmd.stm32-for-vscode/@xpack-dev-tools/arm-none-eabi-gcc/11.3.1-1.1.2/.content/bin/../lib/gcc/arm-none-eabi/11.3.1/../../../../arm-none-eabi/lib/thumb/v7e-m+fp/hard\libc_nano.a(libc_a-mallocr.o)
                0x00000000200002b0                __malloc_free_list
 .bss.__malloc_sbrk_start
                0x00000000200002b4        0x4 c:/users/tranm/appdata/roaming/code/user/globalstorage/bmd.stm32-for-vscode/@xpack-dev-tools/arm-none-eabi-gcc/11.3.1-1.1.2/.content/bin/../lib/gcc/arm-none-eabi/11.3.1/../../../../arm-none-eabi/lib/thumb/v7e-m+fp/hard\libc_nano.a(libc_a-mallocr.o)
                0x00000000200002b4                __malloc_sbrk_start
 .bss.heap_end.0
                0x00000000200002b8        0x4 c:/users/tranm/appdata/roaming/code/user/globalstorage/bmd.stm32-for-vscode/@xpack-dev-tools/arm-none-eabi-gcc/11.3.1-1.1.2/.content/bin/../lib/gcc/arm-none-eabi/11.3.1/../../../../arm-none-eabi/lib/thumb/v7e-m+fp/hard\libnosys.a(sbrk.o)
 *(COMMON)
                0x00000000200002bc                . = ALIGN (0x4)
                0x00000000200002bc                _ebss = .
                0x00000000200002bc                __bss_end__ = _ebss

._user_heap_stack
                0x00000000200002bc      0x604 load address 0x0000000008003674
                0x00000000200002c0                . = ALIGN (0x8)
 *fill*         0x00000000200002bc        0x4 
                0x00000000200002c0                PROVIDE (end = .)
                [!provide]                        PROVIDE (_end = .)
                0x00000000200004c0                . = (. + _Min_Heap_Size)
 *fill*         0x00000000200002c0      0x200 
                0x00000000200008c0                . = (. + _Min_Stack_Size)
 *fill*         0x00000000200004c0      0x400 
                0x00000000200008c0                . = ALIGN (0x8)

/DISCARD/
 libc.a(*)
 libm.a(*)
 libgcc.a(*)

.ARM.attributes
                0x0000000000000000       0x30
 *(.ARM.attributes)
 .ARM.attributes
                0x0000000000000000       0x1e c:/users/tranm/appdata/roaming/code/user/globalstorage/bmd.stm32-for-vscode/@xpack-dev-tools/arm-none-eabi-gcc/11.3.1-1.1.2/.content/bin/../lib/gcc/arm-none-eabi/11.3.1/thumb/v7e-m+fp/hard/crti.o
 .ARM.attributes
                0x000000000000001e       0x34 c:/users/tranm/appdata/roaming/code/user/globalstorage/bmd.stm32-for-vscode/@xpack-dev-tools/arm-none-eabi-gcc/11.3.1-1.1.2/.content/bin/../lib/gcc/arm-none-eabi/11.3.1/thumb/v7e-m+fp/hard/crtbegin.o
 .ARM.attributes
                0x0000000000000052       0x34 build/main.o
 .ARM.attributes
                0x0000000000000086       0x34 build/stm32g4xx_hal_msp.o
 .ARM.attributes
                0x00000000000000ba       0x34 build/stm32g4xx_it.o
 .ARM.attributes
                0x00000000000000ee       0x34 build/system_stm32g4xx.o
 .ARM.attributes
                0x0000000000000122       0x34 build/stm32g4xx_hal.o
 .ARM.attributes
                0x0000000000000156       0x34 build/stm32g4xx_hal_cortex.o
 .ARM.attributes
                0x000000000000018a       0x34 build/stm32g4xx_hal_gpio.o
 .ARM.attributes
                0x00000000000001be       0x34 build/stm32g4xx_hal_pwr_ex.o
 .ARM.attributes
                0x00000000000001f2       0x34 build/stm32g4xx_hal_rcc.o
 .ARM.attributes
                0x0000000000000226       0x34 build/stm32g4xx_hal_rcc_ex.o
 .ARM.attributes
                0x000000000000025a       0x34 build/stm32g4xx_hal_tim.o
 .ARM.attributes
                0x000000000000028e       0x34 build/stm32g4xx_hal_tim_ex.o
 .ARM.attributes
                0x00000000000002c2       0x34 build/stm32g4xx_hal_uart.o
 .ARM.attributes
                0x00000000000002f6       0x34 build/stm32g4xx_hal_uart_ex.o
 .ARM.attributes
                0x000000000000032a       0x21 build/startup_stm32g431xx.o
 .ARM.attributes
                0x000000000000034b       0x34 c:/users/tranm/appdata/roaming/code/user/globalstorage/bmd.stm32-for-vscode/@xpack-dev-tools/arm-none-eabi-gcc/11.3.1-1.1.2/.content/bin/../lib/gcc/arm-none-eabi/11.3.1/../../../../arm-none-eabi/lib/thumb/v7e-m+fp/hard\libc_nano.a(libc_a-findfp.o)
 .ARM.attributes
                0x000000000000037f       0x34 c:/users/tranm/appdata/roaming/code/user/globalstorage/bmd.stm32-for-vscode/@xpack-dev-tools/arm-none-eabi-gcc/11.3.1-1.1.2/.content/bin/../lib/gcc/arm-none-eabi/11.3.1/../../../../arm-none-eabi/lib/thumb/v7e-m+fp/hard\libc_nano.a(libc_a-sprintf.o)
 .ARM.attributes
                0x00000000000003b3       0x34 c:/users/tranm/appdata/roaming/code/user/globalstorage/bmd.stm32-for-vscode/@xpack-dev-tools/arm-none-eabi-gcc/11.3.1-1.1.2/.content/bin/../lib/gcc/arm-none-eabi/11.3.1/../../../../arm-none-eabi/lib/thumb/v7e-m+fp/hard\libc_nano.a(libc_a-memset.o)
 .ARM.attributes
                0x00000000000003e7       0x34 c:/users/tranm/appdata/roaming/code/user/globalstorage/bmd.stm32-for-vscode/@xpack-dev-tools/arm-none-eabi-gcc/11.3.1-1.1.2/.content/bin/../lib/gcc/arm-none-eabi/11.3.1/../../../../arm-none-eabi/lib/thumb/v7e-m+fp/hard\libc_nano.a(libc_a-reent.o)
 .ARM.attributes
                0x000000000000041b       0x34 c:/users/tranm/appdata/roaming/code/user/globalstorage/bmd.stm32-for-vscode/@xpack-dev-tools/arm-none-eabi-gcc/11.3.1-1.1.2/.content/bin/../lib/gcc/arm-none-eabi/11.3.1/../../../../arm-none-eabi/lib/thumb/v7e-m+fp/hard\libc_nano.a(libc_a-impure.o)
 .ARM.attributes
                0x000000000000044f       0x34 c:/users/tranm/appdata/roaming/code/user/globalstorage/bmd.stm32-for-vscode/@xpack-dev-tools/arm-none-eabi-gcc/11.3.1-1.1.2/.content/bin/../lib/gcc/arm-none-eabi/11.3.1/../../../../arm-none-eabi/lib/thumb/v7e-m+fp/hard\libc_nano.a(libc_a-init.o)
 .ARM.attributes
                0x0000000000000483       0x34 c:/users/tranm/appdata/roaming/code/user/globalstorage/bmd.stm32-for-vscode/@xpack-dev-tools/arm-none-eabi-gcc/11.3.1-1.1.2/.content/bin/../lib/gcc/arm-none-eabi/11.3.1/../../../../arm-none-eabi/lib/thumb/v7e-m+fp/hard\libc_nano.a(libc_a-lock.o)
 .ARM.attributes
                0x00000000000004b7       0x17 c:/users/tranm/appdata/roaming/code/user/globalstorage/bmd.stm32-for-vscode/@xpack-dev-tools/arm-none-eabi-gcc/11.3.1-1.1.2/.content/bin/../lib/gcc/arm-none-eabi/11.3.1/../../../../arm-none-eabi/lib/thumb/v7e-m+fp/hard\libc_nano.a(libc_a-strlen.o)
 .ARM.attributes
                0x00000000000004ce       0x34 c:/users/tranm/appdata/roaming/code/user/globalstorage/bmd.stm32-for-vscode/@xpack-dev-tools/arm-none-eabi-gcc/11.3.1-1.1.2/.content/bin/../lib/gcc/arm-none-eabi/11.3.1/../../../../arm-none-eabi/lib/thumb/v7e-m+fp/hard\libc_nano.a(libc_a-freer.o)
 .ARM.attributes
                0x0000000000000502       0x34 c:/users/tranm/appdata/roaming/code/user/globalstorage/bmd.stm32-for-vscode/@xpack-dev-tools/arm-none-eabi-gcc/11.3.1-1.1.2/.content/bin/../lib/gcc/arm-none-eabi/11.3.1/../../../../arm-none-eabi/lib/thumb/v7e-m+fp/hard\libc_nano.a(libc_a-mallocr.o)
 .ARM.attributes
                0x0000000000000536       0x34 c:/users/tranm/appdata/roaming/code/user/globalstorage/bmd.stm32-for-vscode/@xpack-dev-tools/arm-none-eabi-gcc/11.3.1-1.1.2/.content/bin/../lib/gcc/arm-none-eabi/11.3.1/../../../../arm-none-eabi/lib/thumb/v7e-m+fp/hard\libc_nano.a(libc_a-mlock.o)
 .ARM.attributes
                0x000000000000056a       0x34 c:/users/tranm/appdata/roaming/code/user/globalstorage/bmd.stm32-for-vscode/@xpack-dev-tools/arm-none-eabi-gcc/11.3.1-1.1.2/.content/bin/../lib/gcc/arm-none-eabi/11.3.1/../../../../arm-none-eabi/lib/thumb/v7e-m+fp/hard\libc_nano.a(libc_a-nano-svfprintf.o)
 .ARM.attributes
                0x000000000000059e       0x34 c:/users/tranm/appdata/roaming/code/user/globalstorage/bmd.stm32-for-vscode/@xpack-dev-tools/arm-none-eabi-gcc/11.3.1-1.1.2/.content/bin/../lib/gcc/arm-none-eabi/11.3.1/../../../../arm-none-eabi/lib/thumb/v7e-m+fp/hard\libc_nano.a(libc_a-nano-vfprintf_i.o)
 .ARM.attributes
                0x00000000000005d2       0x34 c:/users/tranm/appdata/roaming/code/user/globalstorage/bmd.stm32-for-vscode/@xpack-dev-tools/arm-none-eabi-gcc/11.3.1-1.1.2/.content/bin/../lib/gcc/arm-none-eabi/11.3.1/../../../../arm-none-eabi/lib/thumb/v7e-m+fp/hard\libc_nano.a(libc_a-memmove.o)
 .ARM.attributes
                0x0000000000000606       0x34 c:/users/tranm/appdata/roaming/code/user/globalstorage/bmd.stm32-for-vscode/@xpack-dev-tools/arm-none-eabi-gcc/11.3.1-1.1.2/.content/bin/../lib/gcc/arm-none-eabi/11.3.1/../../../../arm-none-eabi/lib/thumb/v7e-m+fp/hard\libc_nano.a(libc_a-sbrkr.o)
 .ARM.attributes
                0x000000000000063a       0x1c c:/users/tranm/appdata/roaming/code/user/globalstorage/bmd.stm32-for-vscode/@xpack-dev-tools/arm-none-eabi-gcc/11.3.1-1.1.2/.content/bin/../lib/gcc/arm-none-eabi/11.3.1/../../../../arm-none-eabi/lib/thumb/v7e-m+fp/hard\libc_nano.a(libc_a-memchr.o)
 .ARM.attributes
                0x0000000000000656       0x34 c:/users/tranm/appdata/roaming/code/user/globalstorage/bmd.stm32-for-vscode/@xpack-dev-tools/arm-none-eabi-gcc/11.3.1-1.1.2/.content/bin/../lib/gcc/arm-none-eabi/11.3.1/../../../../arm-none-eabi/lib/thumb/v7e-m+fp/hard\libc_nano.a(libc_a-memcpy-stub.o)
 .ARM.attributes
                0x000000000000068a       0x34 c:/users/tranm/appdata/roaming/code/user/globalstorage/bmd.stm32-for-vscode/@xpack-dev-tools/arm-none-eabi-gcc/11.3.1-1.1.2/.content/bin/../lib/gcc/arm-none-eabi/11.3.1/../../../../arm-none-eabi/lib/thumb/v7e-m+fp/hard\libc_nano.a(libc_a-reallocr.o)
 .ARM.attributes
                0x00000000000006be       0x34 c:/users/tranm/appdata/roaming/code/user/globalstorage/bmd.stm32-for-vscode/@xpack-dev-tools/arm-none-eabi-gcc/11.3.1-1.1.2/.content/bin/../lib/gcc/arm-none-eabi/11.3.1/../../../../arm-none-eabi/lib/thumb/v7e-m+fp/hard\libc_nano.a(libc_a-msizer.o)
 .ARM.attributes
                0x00000000000006f2       0x34 c:/users/tranm/appdata/roaming/code/user/globalstorage/bmd.stm32-for-vscode/@xpack-dev-tools/arm-none-eabi-gcc/11.3.1-1.1.2/.content/bin/../lib/gcc/arm-none-eabi/11.3.1/../../../../arm-none-eabi/lib/thumb/v7e-m+fp/hard\libnosys.a(sbrk.o)
 .ARM.attributes
                0x0000000000000726       0x1e c:/users/tranm/appdata/roaming/code/user/globalstorage/bmd.stm32-for-vscode/@xpack-dev-tools/arm-none-eabi-gcc/11.3.1-1.1.2/.content/bin/../lib/gcc/arm-none-eabi/11.3.1/thumb/v7e-m+fp/hard\libgcc.a(_arm_muldf3.o)
 .ARM.attributes
                0x0000000000000744       0x1e c:/users/tranm/appdata/roaming/code/user/globalstorage/bmd.stm32-for-vscode/@xpack-dev-tools/arm-none-eabi-gcc/11.3.1-1.1.2/.content/bin/../lib/gcc/arm-none-eabi/11.3.1/thumb/v7e-m+fp/hard\libgcc.a(_arm_addsubdf3.o)
 .ARM.attributes
                0x0000000000000762       0x1e c:/users/tranm/appdata/roaming/code/user/globalstorage/bmd.stm32-for-vscode/@xpack-dev-tools/arm-none-eabi-gcc/11.3.1-1.1.2/.content/bin/../lib/gcc/arm-none-eabi/11.3.1/thumb/v7e-m+fp/hard\libgcc.a(_arm_fixunsdfsi.o)
 .ARM.attributes
                0x0000000000000780       0x1e c:/users/tranm/appdata/roaming/code/user/globalstorage/bmd.stm32-for-vscode/@xpack-dev-tools/arm-none-eabi-gcc/11.3.1-1.1.2/.content/bin/../lib/gcc/arm-none-eabi/11.3.1/thumb/v7e-m+fp/hard\libgcc.a(_aeabi_uldivmod.o)
 .ARM.attributes
                0x000000000000079e       0x34 c:/users/tranm/appdata/roaming/code/user/globalstorage/bmd.stm32-for-vscode/@xpack-dev-tools/arm-none-eabi-gcc/11.3.1-1.1.2/.content/bin/../lib/gcc/arm-none-eabi/11.3.1/thumb/v7e-m+fp/hard\libgcc.a(_udivmoddi4.o)
 .ARM.attributes
                0x00000000000007d2       0x1e c:/users/tranm/appdata/roaming/code/user/globalstorage/bmd.stm32-for-vscode/@xpack-dev-tools/arm-none-eabi-gcc/11.3.1-1.1.2/.content/bin/../lib/gcc/arm-none-eabi/11.3.1/thumb/v7e-m+fp/hard\libgcc.a(_dvmd_tls.o)
 .ARM.attributes
                0x00000000000007f0       0x1e c:/users/tranm/appdata/roaming/code/user/globalstorage/bmd.stm32-for-vscode/@xpack-dev-tools/arm-none-eabi-gcc/11.3.1-1.1.2/.content/bin/../lib/gcc/arm-none-eabi/11.3.1/thumb/v7e-m+fp/hard/crtn.o
OUTPUT(build/PWM_Motors.elf elf32-littlearm)
LOAD linker stubs
LOAD c:/users/tranm/appdata/roaming/code/user/globalstorage/bmd.stm32-for-vscode/@xpack-dev-tools/arm-none-eabi-gcc/11.3.1-1.1.2/.content/bin/../lib/gcc/arm-none-eabi/11.3.1/../../../../arm-none-eabi/lib/thumb/v7e-m+fp/hard\libc.a
LOAD c:/users/tranm/appdata/roaming/code/user/globalstorage/bmd.stm32-for-vscode/@xpack-dev-tools/arm-none-eabi-gcc/11.3.1-1.1.2/.content/bin/../lib/gcc/arm-none-eabi/11.3.1/../../../../arm-none-eabi/lib/thumb/v7e-m+fp/hard\libm.a
LOAD c:/users/tranm/appdata/roaming/code/user/globalstorage/bmd.stm32-for-vscode/@xpack-dev-tools/arm-none-eabi-gcc/11.3.1-1.1.2/.content/bin/../lib/gcc/arm-none-eabi/11.3.1/thumb/v7e-m+fp/hard\libgcc.a

.comment        0x0000000000000000       0x39
 .comment       0x0000000000000000       0x39 c:/users/tranm/appdata/roaming/code/user/globalstorage/bmd.stm32-for-vscode/@xpack-dev-tools/arm-none-eabi-gcc/11.3.1-1.1.2/.content/bin/../lib/gcc/arm-none-eabi/11.3.1/thumb/v7e-m+fp/hard/crtbegin.o
                                         0x3a (size before relaxing)
 .comment       0x0000000000000039       0x3a build/main.o
 .comment       0x0000000000000039       0x3a build/stm32g4xx_hal_msp.o
 .comment       0x0000000000000039       0x3a build/stm32g4xx_it.o
 .comment       0x0000000000000039       0x3a build/system_stm32g4xx.o
 .comment       0x0000000000000039       0x3a build/stm32g4xx_hal.o
 .comment       0x0000000000000039       0x3a build/stm32g4xx_hal_cortex.o
 .comment       0x0000000000000039       0x3a build/stm32g4xx_hal_gpio.o
 .comment       0x0000000000000039       0x3a build/stm32g4xx_hal_pwr_ex.o
 .comment       0x0000000000000039       0x3a build/stm32g4xx_hal_rcc.o
 .comment       0x0000000000000039       0x3a build/stm32g4xx_hal_rcc_ex.o
 .comment       0x0000000000000039       0x3a build/stm32g4xx_hal_tim.o
 .comment       0x0000000000000039       0x3a build/stm32g4xx_hal_tim_ex.o
 .comment       0x0000000000000039       0x3a build/stm32g4xx_hal_uart.o
 .comment       0x0000000000000039       0x3a build/stm32g4xx_hal_uart_ex.o
 .comment       0x0000000000000039       0x3a c:/users/tranm/appdata/roaming/code/user/globalstorage/bmd.stm32-for-vscode/@xpack-dev-tools/arm-none-eabi-gcc/11.3.1-1.1.2/.content/bin/../lib/gcc/arm-none-eabi/11.3.1/../../../../arm-none-eabi/lib/thumb/v7e-m+fp/hard\libc_nano.a(libc_a-findfp.o)
 .comment       0x0000000000000039       0x3a c:/users/tranm/appdata/roaming/code/user/globalstorage/bmd.stm32-for-vscode/@xpack-dev-tools/arm-none-eabi-gcc/11.3.1-1.1.2/.content/bin/../lib/gcc/arm-none-eabi/11.3.1/../../../../arm-none-eabi/lib/thumb/v7e-m+fp/hard\libc_nano.a(libc_a-sprintf.o)
 .comment       0x0000000000000039       0x3a c:/users/tranm/appdata/roaming/code/user/globalstorage/bmd.stm32-for-vscode/@xpack-dev-tools/arm-none-eabi-gcc/11.3.1-1.1.2/.content/bin/../lib/gcc/arm-none-eabi/11.3.1/../../../../arm-none-eabi/lib/thumb/v7e-m+fp/hard\libc_nano.a(libc_a-memset.o)
 .comment       0x0000000000000039       0x3a c:/users/tranm/appdata/roaming/code/user/globalstorage/bmd.stm32-for-vscode/@xpack-dev-tools/arm-none-eabi-gcc/11.3.1-1.1.2/.content/bin/../lib/gcc/arm-none-eabi/11.3.1/../../../../arm-none-eabi/lib/thumb/v7e-m+fp/hard\libc_nano.a(libc_a-reent.o)
 .comment       0x0000000000000039       0x3a c:/users/tranm/appdata/roaming/code/user/globalstorage/bmd.stm32-for-vscode/@xpack-dev-tools/arm-none-eabi-gcc/11.3.1-1.1.2/.content/bin/../lib/gcc/arm-none-eabi/11.3.1/../../../../arm-none-eabi/lib/thumb/v7e-m+fp/hard\libc_nano.a(libc_a-impure.o)
 .comment       0x0000000000000039       0x3a c:/users/tranm/appdata/roaming/code/user/globalstorage/bmd.stm32-for-vscode/@xpack-dev-tools/arm-none-eabi-gcc/11.3.1-1.1.2/.content/bin/../lib/gcc/arm-none-eabi/11.3.1/../../../../arm-none-eabi/lib/thumb/v7e-m+fp/hard\libc_nano.a(libc_a-init.o)
 .comment       0x0000000000000039       0x3a c:/users/tranm/appdata/roaming/code/user/globalstorage/bmd.stm32-for-vscode/@xpack-dev-tools/arm-none-eabi-gcc/11.3.1-1.1.2/.content/bin/../lib/gcc/arm-none-eabi/11.3.1/../../../../arm-none-eabi/lib/thumb/v7e-m+fp/hard\libc_nano.a(libc_a-lock.o)
 .comment       0x0000000000000039       0x3a c:/users/tranm/appdata/roaming/code/user/globalstorage/bmd.stm32-for-vscode/@xpack-dev-tools/arm-none-eabi-gcc/11.3.1-1.1.2/.content/bin/../lib/gcc/arm-none-eabi/11.3.1/../../../../arm-none-eabi/lib/thumb/v7e-m+fp/hard\libc_nano.a(libc_a-freer.o)
 .comment       0x0000000000000039       0x3a c:/users/tranm/appdata/roaming/code/user/globalstorage/bmd.stm32-for-vscode/@xpack-dev-tools/arm-none-eabi-gcc/11.3.1-1.1.2/.content/bin/../lib/gcc/arm-none-eabi/11.3.1/../../../../arm-none-eabi/lib/thumb/v7e-m+fp/hard\libc_nano.a(libc_a-mallocr.o)
 .comment       0x0000000000000039       0x3a c:/users/tranm/appdata/roaming/code/user/globalstorage/bmd.stm32-for-vscode/@xpack-dev-tools/arm-none-eabi-gcc/11.3.1-1.1.2/.content/bin/../lib/gcc/arm-none-eabi/11.3.1/../../../../arm-none-eabi/lib/thumb/v7e-m+fp/hard\libc_nano.a(libc_a-mlock.o)
 .comment       0x0000000000000039       0x3a c:/users/tranm/appdata/roaming/code/user/globalstorage/bmd.stm32-for-vscode/@xpack-dev-tools/arm-none-eabi-gcc/11.3.1-1.1.2/.content/bin/../lib/gcc/arm-none-eabi/11.3.1/../../../../arm-none-eabi/lib/thumb/v7e-m+fp/hard\libc_nano.a(libc_a-nano-svfprintf.o)
 .comment       0x0000000000000039       0x3a c:/users/tranm/appdata/roaming/code/user/globalstorage/bmd.stm32-for-vscode/@xpack-dev-tools/arm-none-eabi-gcc/11.3.1-1.1.2/.content/bin/../lib/gcc/arm-none-eabi/11.3.1/../../../../arm-none-eabi/lib/thumb/v7e-m+fp/hard\libc_nano.a(libc_a-nano-vfprintf_i.o)
 .comment       0x0000000000000039       0x3a c:/users/tranm/appdata/roaming/code/user/globalstorage/bmd.stm32-for-vscode/@xpack-dev-tools/arm-none-eabi-gcc/11.3.1-1.1.2/.content/bin/../lib/gcc/arm-none-eabi/11.3.1/../../../../arm-none-eabi/lib/thumb/v7e-m+fp/hard\libc_nano.a(libc_a-memmove.o)
 .comment       0x0000000000000039       0x3a c:/users/tranm/appdata/roaming/code/user/globalstorage/bmd.stm32-for-vscode/@xpack-dev-tools/arm-none-eabi-gcc/11.3.1-1.1.2/.content/bin/../lib/gcc/arm-none-eabi/11.3.1/../../../../arm-none-eabi/lib/thumb/v7e-m+fp/hard\libc_nano.a(libc_a-sbrkr.o)
 .comment       0x0000000000000039       0x3a c:/users/tranm/appdata/roaming/code/user/globalstorage/bmd.stm32-for-vscode/@xpack-dev-tools/arm-none-eabi-gcc/11.3.1-1.1.2/.content/bin/../lib/gcc/arm-none-eabi/11.3.1/../../../../arm-none-eabi/lib/thumb/v7e-m+fp/hard\libc_nano.a(libc_a-memcpy-stub.o)
 .comment       0x0000000000000039       0x3a c:/users/tranm/appdata/roaming/code/user/globalstorage/bmd.stm32-for-vscode/@xpack-dev-tools/arm-none-eabi-gcc/11.3.1-1.1.2/.content/bin/../lib/gcc/arm-none-eabi/11.3.1/../../../../arm-none-eabi/lib/thumb/v7e-m+fp/hard\libc_nano.a(libc_a-reallocr.o)
 .comment       0x0000000000000039       0x3a c:/users/tranm/appdata/roaming/code/user/globalstorage/bmd.stm32-for-vscode/@xpack-dev-tools/arm-none-eabi-gcc/11.3.1-1.1.2/.content/bin/../lib/gcc/arm-none-eabi/11.3.1/../../../../arm-none-eabi/lib/thumb/v7e-m+fp/hard\libc_nano.a(libc_a-msizer.o)
 .comment       0x0000000000000039       0x3a c:/users/tranm/appdata/roaming/code/user/globalstorage/bmd.stm32-for-vscode/@xpack-dev-tools/arm-none-eabi-gcc/11.3.1-1.1.2/.content/bin/../lib/gcc/arm-none-eabi/11.3.1/../../../../arm-none-eabi/lib/thumb/v7e-m+fp/hard\libnosys.a(sbrk.o)
 .comment       0x0000000000000039       0x3a c:/users/tranm/appdata/roaming/code/user/globalstorage/bmd.stm32-for-vscode/@xpack-dev-tools/arm-none-eabi-gcc/11.3.1-1.1.2/.content/bin/../lib/gcc/arm-none-eabi/11.3.1/thumb/v7e-m+fp/hard\libgcc.a(_udivmoddi4.o)

.debug_info     0x0000000000000000    0x1508d
 .debug_info    0x0000000000000000     0x1b4a build/main.o
 .debug_info    0x0000000000001b4a     0x11e8 build/stm32g4xx_hal_msp.o
 .debug_info    0x0000000000002d32      0x16a build/stm32g4xx_it.o
 .debug_info    0x0000000000002e9c      0x5a3 build/system_stm32g4xx.o
 .debug_info    0x000000000000343f      0xb52 build/stm32g4xx_hal.o
 .debug_info    0x0000000000003f91      0xf40 build/stm32g4xx_hal_cortex.o
 .debug_info    0x0000000000004ed1      0x795 build/stm32g4xx_hal_gpio.o
 .debug_info    0x0000000000005666      0x9bd build/stm32g4xx_hal_pwr_ex.o
 .debug_info    0x0000000000006023      0xddb build/stm32g4xx_hal_rcc.o
 .debug_info    0x0000000000006dfe      0xdf4 build/stm32g4xx_hal_rcc_ex.o
 .debug_info    0x0000000000007bf2     0x3e56 build/stm32g4xx_hal_tim.o
 .debug_info    0x000000000000ba48     0x248d build/stm32g4xx_hal_tim_ex.o
 .debug_info    0x000000000000ded5     0x5fa7 build/stm32g4xx_hal_uart.o
 .debug_info    0x0000000000013e7c     0x11ee build/stm32g4xx_hal_uart_ex.o
 .debug_info    0x000000000001506a       0x23 build/startup_stm32g431xx.o

.debug_abbrev   0x0000000000000000     0x227c
 .debug_abbrev  0x0000000000000000      0x335 build/main.o
 .debug_abbrev  0x0000000000000335      0x25c build/stm32g4xx_hal_msp.o
 .debug_abbrev  0x0000000000000591       0xbb build/stm32g4xx_it.o
 .debug_abbrev  0x000000000000064c      0x11e build/system_stm32g4xx.o
 .debug_abbrev  0x000000000000076a      0x27d build/stm32g4xx_hal.o
 .debug_abbrev  0x00000000000009e7      0x36b build/stm32g4xx_hal_cortex.o
 .debug_abbrev  0x0000000000000d52      0x1f9 build/stm32g4xx_hal_gpio.o
 .debug_abbrev  0x0000000000000f4b      0x249 build/stm32g4xx_hal_pwr_ex.o
 .debug_abbrev  0x0000000000001194      0x2ab build/stm32g4xx_hal_rcc.o
 .debug_abbrev  0x000000000000143f      0x27f build/stm32g4xx_hal_rcc_ex.o
 .debug_abbrev  0x00000000000016be      0x299 build/stm32g4xx_hal_tim.o
 .debug_abbrev  0x0000000000001957      0x2aa build/stm32g4xx_hal_tim_ex.o
 .debug_abbrev  0x0000000000001c01      0x32e build/stm32g4xx_hal_uart.o
 .debug_abbrev  0x0000000000001f2f      0x33b build/stm32g4xx_hal_uart_ex.o
 .debug_abbrev  0x000000000000226a       0x12 build/startup_stm32g431xx.o

.debug_loclists
                0x0000000000000000     0xafc3
 .debug_loclists
                0x0000000000000000       0x24 build/main.o
 .debug_loclists
                0x0000000000000024       0x49 build/stm32g4xx_hal_msp.o
 .debug_loclists
                0x000000000000006d       0x65 build/system_stm32g4xx.o
 .debug_loclists
                0x00000000000000d2      0x12f build/stm32g4xx_hal.o
 .debug_loclists
                0x0000000000000201      0x4d3 build/stm32g4xx_hal_cortex.o
 .debug_loclists
                0x00000000000006d4      0x267 build/stm32g4xx_hal_gpio.o
 .debug_loclists
                0x000000000000093b      0x58f build/stm32g4xx_hal_pwr_ex.o
 .debug_loclists
                0x0000000000000eca      0x568 build/stm32g4xx_hal_rcc.o
 .debug_loclists
                0x0000000000001432      0xca9 build/stm32g4xx_hal_rcc_ex.o
 .debug_loclists
                0x00000000000020db     0x371f build/stm32g4xx_hal_tim.o
 .debug_loclists
                0x00000000000057fa     0x1b55 build/stm32g4xx_hal_tim_ex.o
 .debug_loclists
                0x000000000000734f     0x350d build/stm32g4xx_hal_uart.o
 .debug_loclists
                0x000000000000a85c      0x767 build/stm32g4xx_hal_uart_ex.o

.debug_aranges  0x0000000000000000      0xf08
 .debug_aranges
                0x0000000000000000       0x50 build/main.o
 .debug_aranges
                0x0000000000000050       0x40 build/stm32g4xx_hal_msp.o
 .debug_aranges
                0x0000000000000090       0x68 build/stm32g4xx_it.o
 .debug_aranges
                0x00000000000000f8       0x28 build/system_stm32g4xx.o
 .debug_aranges
                0x0000000000000120      0x130 build/stm32g4xx_hal.o
 .debug_aranges
                0x0000000000000250       0xa8 build/stm32g4xx_hal_cortex.o
 .debug_aranges
                0x00000000000002f8       0x58 build/stm32g4xx_hal_gpio.o
 .debug_aranges
                0x0000000000000350      0x140 build/stm32g4xx_hal_pwr_ex.o
 .debug_aranges
                0x0000000000000490       0x98 build/stm32g4xx_hal_rcc.o
 .debug_aranges
                0x0000000000000528       0xb0 build/stm32g4xx_hal_rcc_ex.o
 .debug_aranges
                0x00000000000005d8      0x3e0 build/stm32g4xx_hal_tim.o
 .debug_aranges
                0x00000000000009b8      0x240 build/stm32g4xx_hal_tim_ex.o
 .debug_aranges
                0x0000000000000bf8      0x248 build/stm32g4xx_hal_uart.o
 .debug_aranges
                0x0000000000000e40       0xa0 build/stm32g4xx_hal_uart_ex.o
 .debug_aranges
                0x0000000000000ee0       0x28 build/startup_stm32g431xx.o

.debug_rnglists
                0x0000000000000000      0xbc4
 .debug_rnglists
                0x0000000000000000       0x3a build/main.o
 .debug_rnglists
                0x000000000000003a       0x2c build/stm32g4xx_hal_msp.o
 .debug_rnglists
                0x0000000000000066       0x49 build/stm32g4xx_it.o
 .debug_rnglists
                0x00000000000000af       0x1a build/system_stm32g4xx.o
 .debug_rnglists
                0x00000000000000c9       0xdf build/stm32g4xx_hal.o
 .debug_rnglists
                0x00000000000001a8       0xa9 build/stm32g4xx_hal_cortex.o
 .debug_rnglists
                0x0000000000000251       0x3f build/stm32g4xx_hal_gpio.o
 .debug_rnglists
                0x0000000000000290       0xf1 build/stm32g4xx_hal_pwr_ex.o
 .debug_rnglists
                0x0000000000000381       0x81 build/stm32g4xx_hal_rcc.o
 .debug_rnglists
                0x0000000000000402       0x92 build/stm32g4xx_hal_rcc_ex.o
 .debug_rnglists
                0x0000000000000494      0x313 build/stm32g4xx_hal_tim.o
 .debug_rnglists
                0x00000000000007a7      0x1c3 build/stm32g4xx_hal_tim_ex.o
 .debug_rnglists
                0x000000000000096a      0x1cb build/stm32g4xx_hal_uart.o
 .debug_rnglists
                0x0000000000000b35       0x76 build/stm32g4xx_hal_uart_ex.o
 .debug_rnglists
                0x0000000000000bab       0x19 build/startup_stm32g431xx.o

.debug_line     0x0000000000000000    0x13b3e
 .debug_line    0x0000000000000000      0x8a5 build/main.o
 .debug_line    0x00000000000008a5      0x3fe build/stm32g4xx_hal_msp.o
 .debug_line    0x0000000000000ca3      0x30b build/stm32g4xx_it.o
 .debug_line    0x0000000000000fae      0x2e1 build/system_stm32g4xx.o
 .debug_line    0x000000000000128f      0x722 build/stm32g4xx_hal.o
 .debug_line    0x00000000000019b1      0x801 build/stm32g4xx_hal_cortex.o
 .debug_line    0x00000000000021b2      0x722 build/stm32g4xx_hal_gpio.o
 .debug_line    0x00000000000028d4      0xadc build/stm32g4xx_hal_pwr_ex.o
 .debug_line    0x00000000000033b0      0xe7b build/stm32g4xx_hal_rcc.o
 .debug_line    0x000000000000422b     0x10f0 build/stm32g4xx_hal_rcc_ex.o
 .debug_line    0x000000000000531b     0x50bb build/stm32g4xx_hal_tim.o
 .debug_line    0x000000000000a3d6     0x25b5 build/stm32g4xx_hal_tim_ex.o
 .debug_line    0x000000000000c98b     0x63a2 build/stm32g4xx_hal_uart.o
 .debug_line    0x0000000000012d2d      0xd9a build/stm32g4xx_hal_uart_ex.o
 .debug_line    0x0000000000013ac7       0x77 build/startup_stm32g431xx.o

.debug_str      0x0000000000000000     0x4f1c
 .debug_str     0x0000000000000000     0x13f2 build/main.o
                                       0x14fe (size before relaxing)
 .debug_str     0x00000000000013f2      0x24a build/stm32g4xx_hal_msp.o
                                        0xe57 (size before relaxing)
 .debug_str     0x000000000000163c       0xde build/stm32g4xx_it.o
                                        0x251 (size before relaxing)
 .debug_str     0x000000000000171a       0xd8 build/system_stm32g4xx.o
                                        0x3af (size before relaxing)
 .debug_str     0x00000000000017f2      0x465 build/stm32g4xx_hal.o
                                        0xc2d (size before relaxing)
 .debug_str     0x0000000000001c57      0x42e build/stm32g4xx_hal_cortex.o
                                        0xb72 (size before relaxing)
 .debug_str     0x0000000000002085       0xc4 build/stm32g4xx_hal_gpio.o
                                        0x528 (size before relaxing)
 .debug_str     0x0000000000002149      0x4e8 build/stm32g4xx_hal_pwr_ex.o
                                        0x7ca (size before relaxing)
 .debug_str     0x0000000000002631      0x260 build/stm32g4xx_hal_rcc.o
                                        0x817 (size before relaxing)
 .debug_str     0x0000000000002891      0x372 build/stm32g4xx_hal_rcc_ex.o
                                        0x9fe (size before relaxing)
 .debug_str     0x0000000000002c03      0xf59 build/stm32g4xx_hal_tim.o
                                       0x187d (size before relaxing)
 .debug_str     0x0000000000003b5c      0x8ec build/stm32g4xx_hal_tim_ex.o
                                       0x1500 (size before relaxing)
 .debug_str     0x0000000000004448      0x88d build/stm32g4xx_hal_uart.o
                                       0x11ea (size before relaxing)
 .debug_str     0x0000000000004cd5      0x225 build/stm32g4xx_hal_uart_ex.o
                                        0xb04 (size before relaxing)
 .debug_str     0x0000000000004efa       0x22 build/startup_stm32g431xx.o
                                         0x52 (size before relaxing)

.debug_frame    0x0000000000000000     0x2630
 .debug_frame   0x0000000000000000       0xd0 build/main.o
 .debug_frame   0x00000000000000d0       0x8c build/stm32g4xx_hal_msp.o
 .debug_frame   0x000000000000015c       0xc0 build/stm32g4xx_it.o
 .debug_frame   0x000000000000021c       0x30 build/system_stm32g4xx.o
 .debug_frame   0x000000000000024c      0x274 build/stm32g4xx_hal.o
 .debug_frame   0x00000000000004c0      0x148 build/stm32g4xx_hal_cortex.o
 .debug_frame   0x0000000000000608       0xd0 build/stm32g4xx_hal_gpio.o
 .debug_frame   0x00000000000006d8      0x268 build/stm32g4xx_hal_pwr_ex.o
 .debug_frame   0x0000000000000940      0x198 build/stm32g4xx_hal_rcc.o
 .debug_frame   0x0000000000000ad8      0x1a0 build/stm32g4xx_hal_rcc_ex.o
 .debug_frame   0x0000000000000c78      0xb54 build/stm32g4xx_hal_tim.o
 .debug_frame   0x00000000000017cc      0x620 build/stm32g4xx_hal_tim_ex.o
 .debug_frame   0x0000000000001dec      0x67c build/stm32g4xx_hal_uart.o
 .debug_frame   0x0000000000002468      0x1c8 build/stm32g4xx_hal_uart_ex.o

.debug_line_str
                0x0000000000000000       0x46
 .debug_line_str
                0x0000000000000000       0x46 build/startup_stm32g431xx.o
                                         0x5c (size before relaxing)

Cross Reference Table

Symbol                                            File
ADC1_2_IRQHandler                                 build/startup_stm32g431xx.o
AHBPrescTable                                     build/system_stm32g4xx.o
                                                  build/stm32g4xx_hal_rcc.o
APBPrescTable                                     build/system_stm32g4xx.o
                                                  build/stm32g4xx_hal_rcc.o
BusFault_Handler                                  build/stm32g4xx_it.o
COMP1_2_3_IRQHandler                              build/startup_stm32g431xx.o
COMP4_IRQHandler                                  build/startup_stm32g431xx.o
CORDIC_IRQHandler                                 build/startup_stm32g431xx.o
CRS_IRQHandler                                    build/startup_stm32g431xx.o
DMA1_Channel1_IRQHandler                          build/startup_stm32g431xx.o
DMA1_Channel2_IRQHandler                          build/startup_stm32g431xx.o
DMA1_Channel3_IRQHandler                          build/startup_stm32g431xx.o
DMA1_Channel4_IRQHandler                          build/startup_stm32g431xx.o
DMA1_Channel5_IRQHandler                          build/startup_stm32g431xx.o
DMA1_Channel6_IRQHandler                          build/startup_stm32g431xx.o
DMA2_Channel1_IRQHandler                          build/startup_stm32g431xx.o
DMA2_Channel2_IRQHandler                          build/startup_stm32g431xx.o
DMA2_Channel3_IRQHandler                          build/startup_stm32g431xx.o
DMA2_Channel4_IRQHandler                          build/startup_stm32g431xx.o
DMA2_Channel5_IRQHandler                          build/startup_stm32g431xx.o
DMA2_Channel6_IRQHandler                          build/startup_stm32g431xx.o
DMAMUX_OVR_IRQHandler                             build/startup_stm32g431xx.o
DebugMon_Handler                                  build/stm32g4xx_it.o
Default_Handler                                   build/startup_stm32g431xx.o
EXTI0_IRQHandler                                  build/stm32g4xx_it.o
EXTI15_10_IRQHandler                              build/startup_stm32g431xx.o
EXTI1_IRQHandler                                  build/startup_stm32g431xx.o
EXTI2_IRQHandler                                  build/startup_stm32g431xx.o
EXTI3_IRQHandler                                  build/startup_stm32g431xx.o
EXTI4_IRQHandler                                  build/startup_stm32g431xx.o
EXTI9_5_IRQHandler                                build/startup_stm32g431xx.o
Error_Handler                                     build/main.o
                                                  build/stm32g4xx_hal_msp.o
FDCAN1_IT0_IRQHandler                             build/startup_stm32g431xx.o
FDCAN1_IT1_IRQHandler                             build/startup_stm32g431xx.o
FLASH_FlushCaches                                 build/stm32g4xx_hal_flash_ex.o
                                                  build/stm32g4xx_hal_flash.o
FLASH_IRQHandler                                  build/startup_stm32g431xx.o
FLASH_PageErase                                   build/stm32g4xx_hal_flash_ex.o
                                                  build/stm32g4xx_hal_flash.o
FLASH_WaitForLastOperation                        build/stm32g4xx_hal_flash.o
                                                  build/stm32g4xx_hal_flash_ex.o
FMAC_IRQHandler                                   build/startup_stm32g431xx.o
FPU_IRQHandler                                    build/startup_stm32g431xx.o
HAL_DBGMCU_DisableDBGSleepMode                    build/stm32g4xx_hal.o
HAL_DBGMCU_DisableDBGStandbyMode                  build/stm32g4xx_hal.o
HAL_DBGMCU_DisableDBGStopMode                     build/stm32g4xx_hal.o
HAL_DBGMCU_EnableDBGSleepMode                     build/stm32g4xx_hal.o
HAL_DBGMCU_EnableDBGStandbyMode                   build/stm32g4xx_hal.o
HAL_DBGMCU_EnableDBGStopMode                      build/stm32g4xx_hal.o
HAL_DMAEx_ConfigMuxRequestGenerator               build/stm32g4xx_hal_dma_ex.o
HAL_DMAEx_ConfigMuxSync                           build/stm32g4xx_hal_dma_ex.o
HAL_DMAEx_DisableMuxRequestGenerator              build/stm32g4xx_hal_dma_ex.o
HAL_DMAEx_EnableMuxRequestGenerator               build/stm32g4xx_hal_dma_ex.o
HAL_DMAEx_MUX_IRQHandler                          build/stm32g4xx_hal_dma_ex.o
HAL_DMA_Abort                                     build/stm32g4xx_hal_dma.o
                                                  build/stm32g4xx_hal_uart.o
HAL_DMA_Abort_IT                                  build/stm32g4xx_hal_dma.o
                                                  build/stm32g4xx_hal_uart.o
                                                  build/stm32g4xx_hal_tim_ex.o
                                                  build/stm32g4xx_hal_tim.o
HAL_DMA_DeInit                                    build/stm32g4xx_hal_dma.o
HAL_DMA_GetError                                  build/stm32g4xx_hal_dma.o
                                                  build/stm32g4xx_hal_uart.o
HAL_DMA_GetState                                  build/stm32g4xx_hal_dma.o
HAL_DMA_IRQHandler                                build/stm32g4xx_hal_dma.o
HAL_DMA_Init                                      build/stm32g4xx_hal_dma.o
HAL_DMA_PollForTransfer                           build/stm32g4xx_hal_dma.o
HAL_DMA_RegisterCallback                          build/stm32g4xx_hal_dma.o
HAL_DMA_Start                                     build/stm32g4xx_hal_dma.o
HAL_DMA_Start_IT                                  build/stm32g4xx_hal_dma.o
                                                  build/stm32g4xx_hal_uart.o
                                                  build/stm32g4xx_hal_tim_ex.o
                                                  build/stm32g4xx_hal_tim.o
HAL_DMA_UnRegisterCallback                        build/stm32g4xx_hal_dma.o
HAL_DeInit                                        build/stm32g4xx_hal.o
HAL_Delay                                         build/stm32g4xx_hal.o
HAL_EXTI_ClearConfigLine                          build/stm32g4xx_hal_exti.o
HAL_EXTI_ClearPending                             build/stm32g4xx_hal_exti.o
HAL_EXTI_GenerateSWI                              build/stm32g4xx_hal_exti.o
HAL_EXTI_GetConfigLine                            build/stm32g4xx_hal_exti.o
HAL_EXTI_GetHandle                                build/stm32g4xx_hal_exti.o
HAL_EXTI_GetPending                               build/stm32g4xx_hal_exti.o
HAL_EXTI_IRQHandler                               build/stm32g4xx_hal_exti.o
HAL_EXTI_RegisterCallback                         build/stm32g4xx_hal_exti.o
HAL_EXTI_SetConfigLine                            build/stm32g4xx_hal_exti.o
HAL_FLASHEx_DisableDebugger                       build/stm32g4xx_hal_flash_ex.o
HAL_FLASHEx_DisableRunPowerDown                   build/stm32g4xx_hal_flash_ramfunc.o
HAL_FLASHEx_EnableDebugger                        build/stm32g4xx_hal_flash_ex.o
HAL_FLASHEx_EnableRunPowerDown                    build/stm32g4xx_hal_flash_ramfunc.o
HAL_FLASHEx_EnableSecMemProtection                build/stm32g4xx_hal_flash_ex.o
HAL_FLASHEx_Erase                                 build/stm32g4xx_hal_flash_ex.o
HAL_FLASHEx_Erase_IT                              build/stm32g4xx_hal_flash_ex.o
HAL_FLASHEx_OBGetConfig                           build/stm32g4xx_hal_flash_ex.o
HAL_FLASHEx_OBProgram                             build/stm32g4xx_hal_flash_ex.o
HAL_FLASH_EndOfOperationCallback                  build/stm32g4xx_hal_flash.o
HAL_FLASH_GetError                                build/stm32g4xx_hal_flash.o
HAL_FLASH_IRQHandler                              build/stm32g4xx_hal_flash.o
HAL_FLASH_Lock                                    build/stm32g4xx_hal_flash.o
HAL_FLASH_OB_Launch                               build/stm32g4xx_hal_flash.o
HAL_FLASH_OB_Lock                                 build/stm32g4xx_hal_flash.o
HAL_FLASH_OB_Unlock                               build/stm32g4xx_hal_flash.o
HAL_FLASH_OperationErrorCallback                  build/stm32g4xx_hal_flash.o
HAL_FLASH_Program                                 build/stm32g4xx_hal_flash.o
HAL_FLASH_Program_IT                              build/stm32g4xx_hal_flash.o
HAL_FLASH_Unlock                                  build/stm32g4xx_hal_flash.o
HAL_GPIO_DeInit                                   build/stm32g4xx_hal_gpio.o
                                                  build/stm32g4xx_hal_msp.o
HAL_GPIO_EXTI_Callback                            build/main.o
HAL_GPIO_EXTI_IRQHandler                          build/stm32g4xx_hal_gpio.o
                                                  build/stm32g4xx_it.o
HAL_GPIO_Init                                     build/stm32g4xx_hal_gpio.o
                                                  build/stm32g4xx_hal_rcc_ex.o
                                                  build/stm32g4xx_hal_rcc.o
                                                  build/stm32g4xx_hal_msp.o
                                                  build/main.o
HAL_GPIO_LockPin                                  build/stm32g4xx_hal_gpio.o
HAL_GPIO_ReadPin                                  build/stm32g4xx_hal_gpio.o
                                                  build/main.o
HAL_GPIO_TogglePin                                build/stm32g4xx_hal_gpio.o
HAL_GPIO_WritePin                                 build/stm32g4xx_hal_gpio.o
                                                  build/main.o
HAL_GetDEVID                                      build/stm32g4xx_hal.o
HAL_GetHalVersion                                 build/stm32g4xx_hal.o
HAL_GetREVID                                      build/stm32g4xx_hal.o
HAL_GetTick                                       build/stm32g4xx_hal.o
                                                  build/stm32g4xx_hal_uart_ex.o
                                                  build/stm32g4xx_hal_uart.o
                                                  build/stm32g4xx_hal_tim_ex.o
                                                  build/stm32g4xx_hal_rcc_ex.o
                                                  build/stm32g4xx_hal_rcc.o
                                                  build/stm32g4xx_hal_flash.o
                                                  build/stm32g4xx_hal_dma.o
HAL_GetTickFreq                                   build/stm32g4xx_hal.o
HAL_GetTickPrio                                   build/stm32g4xx_hal.o
HAL_HalfDuplex_EnableReceiver                     build/stm32g4xx_hal_uart.o
HAL_HalfDuplex_EnableTransmitter                  build/stm32g4xx_hal_uart.o
HAL_HalfDuplex_Init                               build/stm32g4xx_hal_uart.o
HAL_IncTick                                       build/stm32g4xx_hal.o
                                                  build/stm32g4xx_it.o
HAL_Init                                          build/stm32g4xx_hal.o
                                                  build/main.o
HAL_InitTick                                      build/stm32g4xx_hal.o
                                                  build/stm32g4xx_hal_rcc.o
HAL_LIN_Init                                      build/stm32g4xx_hal_uart.o
HAL_LIN_SendBreak                                 build/stm32g4xx_hal_uart.o
HAL_MPU_ConfigRegion                              build/stm32g4xx_hal_cortex.o
HAL_MPU_Disable                                   build/stm32g4xx_hal_cortex.o
HAL_MPU_Enable                                    build/stm32g4xx_hal_cortex.o
HAL_MspDeInit                                     build/stm32g4xx_hal.o
HAL_MspInit                                       build/stm32g4xx_hal_msp.o
HAL_MultiProcessorEx_AddressLength_Set            build/stm32g4xx_hal_uart_ex.o
HAL_MultiProcessor_DisableMuteMode                build/stm32g4xx_hal_uart.o
HAL_MultiProcessor_EnableMuteMode                 build/stm32g4xx_hal_uart.o
HAL_MultiProcessor_EnterMuteMode                  build/stm32g4xx_hal_uart.o
HAL_MultiProcessor_Init                           build/stm32g4xx_hal_uart.o
HAL_NVIC_ClearPendingIRQ                          build/stm32g4xx_hal_cortex.o
HAL_NVIC_DisableIRQ                               build/stm32g4xx_hal_cortex.o
HAL_NVIC_EnableIRQ                                build/stm32g4xx_hal_cortex.o
                                                  build/main.o
HAL_NVIC_GetActive                                build/stm32g4xx_hal_cortex.o
HAL_NVIC_GetPendingIRQ                            build/stm32g4xx_hal_cortex.o
HAL_NVIC_GetPriority                              build/stm32g4xx_hal_cortex.o
HAL_NVIC_GetPriorityGrouping                      build/stm32g4xx_hal_cortex.o
HAL_NVIC_SetPendingIRQ                            build/stm32g4xx_hal_cortex.o
HAL_NVIC_SetPriority                              build/stm32g4xx_hal_cortex.o
                                                  build/stm32g4xx_hal.o
                                                  build/main.o
HAL_NVIC_SetPriorityGrouping                      build/stm32g4xx_hal_cortex.o
                                                  build/stm32g4xx_hal.o
HAL_NVIC_SystemReset                              build/stm32g4xx_hal_cortex.o
HAL_PWREx_ConfigPVM                               build/stm32g4xx_hal_pwr_ex.o
HAL_PWREx_ControlVoltageScaling                   build/stm32g4xx_hal_pwr_ex.o
                                                  build/main.o
HAL_PWREx_DisableBatteryCharging                  build/stm32g4xx_hal_pwr_ex.o
HAL_PWREx_DisableGPIOPullDown                     build/stm32g4xx_hal_pwr_ex.o
HAL_PWREx_DisableGPIOPullUp                       build/stm32g4xx_hal_pwr_ex.o
HAL_PWREx_DisableInternalWakeUpLine               build/stm32g4xx_hal_pwr_ex.o
HAL_PWREx_DisableLowPowerRunMode                  build/stm32g4xx_hal_pwr_ex.o
                                                  build/stm32g4xx_hal_pwr.o
HAL_PWREx_DisablePVM1                             build/stm32g4xx_hal_pwr_ex.o
HAL_PWREx_DisablePVM2                             build/stm32g4xx_hal_pwr_ex.o
HAL_PWREx_DisablePVM3                             build/stm32g4xx_hal_pwr_ex.o
HAL_PWREx_DisablePVM4                             build/stm32g4xx_hal_pwr_ex.o
HAL_PWREx_DisablePullUpPullDownConfig             build/stm32g4xx_hal_pwr_ex.o
HAL_PWREx_DisableSRAM2ContentRetention            build/stm32g4xx_hal_pwr_ex.o
HAL_PWREx_DisableUCPDDeadBattery                  build/stm32g4xx_hal_pwr_ex.o
                                                  build/stm32g4xx_hal_msp.o
HAL_PWREx_DisableUCPDStandbyMode                  build/stm32g4xx_hal_pwr_ex.o
HAL_PWREx_EnableBatteryCharging                   build/stm32g4xx_hal_pwr_ex.o
HAL_PWREx_EnableGPIOPullDown                      build/stm32g4xx_hal_pwr_ex.o
HAL_PWREx_EnableGPIOPullUp                        build/stm32g4xx_hal_pwr_ex.o
HAL_PWREx_EnableInternalWakeUpLine                build/stm32g4xx_hal_pwr_ex.o
HAL_PWREx_EnableLowPowerRunMode                   build/stm32g4xx_hal_pwr_ex.o
                                                  build/stm32g4xx_hal_pwr.o
HAL_PWREx_EnablePVM1                              build/stm32g4xx_hal_pwr_ex.o
HAL_PWREx_EnablePVM2                              build/stm32g4xx_hal_pwr_ex.o
HAL_PWREx_EnablePVM3                              build/stm32g4xx_hal_pwr_ex.o
HAL_PWREx_EnablePVM4                              build/stm32g4xx_hal_pwr_ex.o
HAL_PWREx_EnablePullUpPullDownConfig              build/stm32g4xx_hal_pwr_ex.o
HAL_PWREx_EnableSRAM2ContentRetention             build/stm32g4xx_hal_pwr_ex.o
HAL_PWREx_EnableUCPDDeadBattery                   build/stm32g4xx_hal_pwr_ex.o
HAL_PWREx_EnableUCPDStandbyMode                   build/stm32g4xx_hal_pwr_ex.o
HAL_PWREx_EnterSHUTDOWNMode                       build/stm32g4xx_hal_pwr_ex.o
HAL_PWREx_EnterSTOP0Mode                          build/stm32g4xx_hal_pwr_ex.o
                                                  build/stm32g4xx_hal_pwr.o
HAL_PWREx_EnterSTOP1Mode                          build/stm32g4xx_hal_pwr_ex.o
                                                  build/stm32g4xx_hal_pwr.o
HAL_PWREx_GetVoltageRange                         build/stm32g4xx_hal_pwr_ex.o
HAL_PWREx_PVD_PVM_IRQHandler                      build/stm32g4xx_hal_pwr_ex.o
HAL_PWREx_PVM1Callback                            build/stm32g4xx_hal_pwr_ex.o
HAL_PWREx_PVM2Callback                            build/stm32g4xx_hal_pwr_ex.o
HAL_PWREx_PVM3Callback                            build/stm32g4xx_hal_pwr_ex.o
HAL_PWREx_PVM4Callback                            build/stm32g4xx_hal_pwr_ex.o
HAL_PWR_ConfigPVD                                 build/stm32g4xx_hal_pwr.o
HAL_PWR_DeInit                                    build/stm32g4xx_hal_pwr.o
HAL_PWR_DisableBkUpAccess                         build/stm32g4xx_hal_pwr.o
                                                  build/stm32g4xx_hal_rcc_ex.o
HAL_PWR_DisablePVD                                build/stm32g4xx_hal_pwr.o
HAL_PWR_DisableSEVOnPend                          build/stm32g4xx_hal_pwr.o
HAL_PWR_DisableSleepOnExit                        build/stm32g4xx_hal_pwr.o
HAL_PWR_DisableWakeUpPin                          build/stm32g4xx_hal_pwr.o
HAL_PWR_EnableBkUpAccess                          build/stm32g4xx_hal_pwr.o
                                                  build/stm32g4xx_hal_rcc_ex.o
HAL_PWR_EnablePVD                                 build/stm32g4xx_hal_pwr.o
HAL_PWR_EnableSEVOnPend                           build/stm32g4xx_hal_pwr.o
HAL_PWR_EnableSleepOnExit                         build/stm32g4xx_hal_pwr.o
HAL_PWR_EnableWakeUpPin                           build/stm32g4xx_hal_pwr.o
HAL_PWR_EnterSLEEPMode                            build/stm32g4xx_hal_pwr.o
HAL_PWR_EnterSTANDBYMode                          build/stm32g4xx_hal_pwr.o
HAL_PWR_EnterSTOPMode                             build/stm32g4xx_hal_pwr.o
HAL_PWR_PVDCallback                               build/stm32g4xx_hal_pwr.o
                                                  build/stm32g4xx_hal_pwr_ex.o
HAL_RCCEx_CRSConfig                               build/stm32g4xx_hal_rcc_ex.o
HAL_RCCEx_CRSGetSynchronizationInfo               build/stm32g4xx_hal_rcc_ex.o
HAL_RCCEx_CRSSoftwareSynchronizationGenerate      build/stm32g4xx_hal_rcc_ex.o
HAL_RCCEx_CRSWaitSynchronization                  build/stm32g4xx_hal_rcc_ex.o
HAL_RCCEx_CRS_ErrorCallback                       build/stm32g4xx_hal_rcc_ex.o
HAL_RCCEx_CRS_ExpectedSyncCallback                build/stm32g4xx_hal_rcc_ex.o
HAL_RCCEx_CRS_IRQHandler                          build/stm32g4xx_hal_rcc_ex.o
HAL_RCCEx_CRS_SyncOkCallback                      build/stm32g4xx_hal_rcc_ex.o
HAL_RCCEx_CRS_SyncWarnCallback                    build/stm32g4xx_hal_rcc_ex.o
HAL_RCCEx_DisableLSCO                             build/stm32g4xx_hal_rcc_ex.o
HAL_RCCEx_DisableLSECSS                           build/stm32g4xx_hal_rcc_ex.o
HAL_RCCEx_EnableLSCO                              build/stm32g4xx_hal_rcc_ex.o
HAL_RCCEx_EnableLSECSS                            build/stm32g4xx_hal_rcc_ex.o
HAL_RCCEx_EnableLSECSS_IT                         build/stm32g4xx_hal_rcc_ex.o
HAL_RCCEx_GetPeriphCLKConfig                      build/stm32g4xx_hal_rcc_ex.o
HAL_RCCEx_GetPeriphCLKFreq                        build/stm32g4xx_hal_rcc_ex.o
HAL_RCCEx_LSECSS_Callback                         build/stm32g4xx_hal_rcc_ex.o
HAL_RCCEx_LSECSS_IRQHandler                       build/stm32g4xx_hal_rcc_ex.o
HAL_RCCEx_PeriphCLKConfig                         build/stm32g4xx_hal_rcc_ex.o
                                                  build/stm32g4xx_hal_msp.o
HAL_RCC_CSSCallback                               build/stm32g4xx_hal_rcc.o
HAL_RCC_ClockConfig                               build/stm32g4xx_hal_rcc.o
                                                  build/main.o
HAL_RCC_DeInit                                    build/stm32g4xx_hal_rcc.o
HAL_RCC_DisableLSECSS                             build/stm32g4xx_hal_rcc.o
HAL_RCC_EnableCSS                                 build/stm32g4xx_hal_rcc.o
HAL_RCC_EnableLSECSS                              build/stm32g4xx_hal_rcc.o
HAL_RCC_GetClockConfig                            build/stm32g4xx_hal_rcc.o
HAL_RCC_GetHCLKFreq                               build/stm32g4xx_hal_rcc.o
HAL_RCC_GetOscConfig                              build/stm32g4xx_hal_rcc.o
HAL_RCC_GetPCLK1Freq                              build/stm32g4xx_hal_rcc.o
                                                  build/stm32g4xx_hal_uart.o
                                                  build/stm32g4xx_hal_rcc_ex.o
HAL_RCC_GetPCLK2Freq                              build/stm32g4xx_hal_rcc.o
                                                  build/stm32g4xx_hal_uart.o
                                                  build/stm32g4xx_hal_rcc_ex.o
HAL_RCC_GetSysClockFreq                           build/stm32g4xx_hal_rcc.o
                                                  build/stm32g4xx_hal_uart.o
                                                  build/stm32g4xx_hal_rcc_ex.o
HAL_RCC_MCOConfig                                 build/stm32g4xx_hal_rcc.o
HAL_RCC_NMI_IRQHandler                            build/stm32g4xx_hal_rcc.o
HAL_RCC_OscConfig                                 build/stm32g4xx_hal_rcc.o
                                                  build/main.o
HAL_RS485Ex_Init                                  build/stm32g4xx_hal_uart_ex.o
HAL_ResumeTick                                    build/stm32g4xx_hal.o
HAL_SYSCFG_CCMSRAMErase                           build/stm32g4xx_hal.o
HAL_SYSCFG_CCMSRAM_WriteProtectionEnable          build/stm32g4xx_hal.o
HAL_SYSCFG_DisableIOSwitchBooster                 build/stm32g4xx_hal.o